┌──(ouerdia㉿kali)-[~]
└─$ cd Downloads *                                                                                                       
cd: too many arguments
                                                                                                                                             
┌──(ouerdia㉿kali)-[~]
└─$ cd Downloads  
                                                                                                                                             
┌──(ouerdia㉿kali)-[~/Downloads]
└─$ cat -n example.log example2.log                               
     1
     2   01 
     3  03/22 08:51:01 INFO   :.main: *************** RSVP Agent started ***************
     4   02 
     5  03/22 08:51:01 INFO   :...locate_configFile: Specified configuration file: /u/user10/rsvpd1.conf
     6  03/22 08:51:01 INFO   :.main: Using log level 511
     7  03/22 08:51:01 INFO   :..settcpimage: Get TCP images rc - EDC8112I Operation not supported on socket.
     8   03 
     9  03/22 08:51:01 INFO   :..settcpimage: Associate with TCP/IP image name = TCPCS
    10  03/22 08:51:02 INFO   :..reg_process: registering process with the system
    11  03/22 08:51:02 INFO   :..reg_process: attempt OS/390 registration
    12  03/22 08:51:02 INFO   :..reg_process: return from registration rc=0
    13   04 
    14  03/22 08:51:06 TRACE  :...read_physical_netif: Home list entries returned = 7
    15  03/22 08:51:06 INFO   :...read_physical_netif: index #0, interface VLINK1 has address 129.1.1.1, ifidx 0
    16  03/22 08:51:06 INFO   :...read_physical_netif: index #1, interface TR1 has address 9.37.65.139, ifidx 1
    17  03/22 08:51:06 INFO   :...read_physical_netif: index #2, interface LINK11 has address 9.67.100.1, ifidx 2
    18  03/22 08:51:06 INFO   :...read_physical_netif: index #3, interface LINK12 has address 9.67.101.1, ifidx 3
    19  03/22 08:51:06 INFO   :...read_physical_netif: index #4, interface CTCD0 has address 9.67.116.98, ifidx 4
    20  03/22 08:51:06 INFO   :...read_physical_netif: index #5, interface CTCD2 has address 9.67.117.98, ifidx 5
    21  03/22 08:51:06 INFO   :...read_physical_netif: index #6, interface LOOPBACK has address 127.0.0.1, ifidx 0
    22  03/22 08:51:06 INFO   :....mailslot_create: creating mailslot for timer
    23  03/22 08:51:06 INFO   :...mailbox_register: mailbox allocated for timer
    24   05 
    25  03/22 08:51:06 INFO   :.....mailslot_create: creating mailslot for RSVP
    26  03/22 08:51:06 INFO   :....mailbox_register: mailbox allocated for rsvp
    27  03/22 08:51:06 INFO   :.....mailslot_create: creating mailslot for RSVP via UDP
    28   06 
    29  03/22 08:51:06 WARNING:.....mailslot_create: setsockopt(MCAST_ADD) failed - EDC8116I Address not available.
    30  03/22 08:51:06 INFO   :....mailbox_register: mailbox allocated for rsvp-udp
    31  03/22 08:51:06 TRACE  :..entity_initialize: interface 129.1.1.1, entity for rsvp allocated and initialized
    32  03/22 08:51:06 INFO   :.....mailslot_create: creating mailslot for RSVP
    33  03/22 08:51:06 INFO   :....mailbox_register: mailbox allocated for rsvp
    34  03/22 08:51:06 INFO   :.....mailslot_create: creating mailslot for RSVP via UDP
    35  03/22 08:51:06 WARNING:.....mailslot_create: setsockopt(MCAST_ADD) failed - EDC8116I Address not available.
    36  03/22 08:51:06 INFO   :....mailbox_register: mailbox allocated for rsvp-udp
    37  03/22 08:51:06 TRACE  :..entity_initialize: interface 9.37.65.139, entity for rsvp allocated and 
    38  initialized
    39  03/22 08:51:06 INFO   :.....mailslot_create: creating mailslot for RSVP
    40  03/22 08:51:06 INFO   :....mailbox_register: mailbox allocated for rsvp
    41  03/22 08:51:06 INFO   :.....mailslot_create: creating mailslot for RSVP via UDP
    42  03/22 08:51:06 WARNING:.....mailslot_create: setsockopt(MCAST_ADD) failed - EDC8116I Address not available.
    43  03/22 08:51:06 INFO   :....mailbox_register: mailbox allocated for rsvp-udp
    44  03/22 08:51:06 TRACE  :..entity_initialize: interface 9.67.100.1, entity for rsvp allocated and initialized
    45  03/22 08:51:06 INFO   :.....mailslot_create: creating mailslot for RSVP
    46  03/22 08:51:06 INFO   :....mailbox_register: mailbox allocated for rsvp
    47  03/22 08:51:06 INFO   :.....mailslot_create: creating mailslot for RSVP via UDP
    48  03/22 08:51:06 WARNING:.....mailslot_create: setsockopt(MCAST_ADD) failed - EDC8116I Address not available.
    49  03/22 08:51:06 INFO   :....mailbox_register: mailbox allocated for rsvp-udp
    50  03/22 08:51:06 TRACE  :..entity_initialize: interface 9.67.101.1, entity for rsvp allocated and initialized
    51  03/22 08:51:06 INFO   :.....mailslot_create: creating mailslot for RSVP
    52  03/22 08:51:06 INFO   :....mailbox_register: mailbox allocated for rsvp
    53  03/22 08:51:06 INFO   :.....mailslot_create: creating mailslot for RSVP via UDP
    54  03/22 08:51:06 INFO   :....mailbox_register: mailbox allocated for rsvp-udp
    55  03/22 08:51:06 TRACE  :..entity_initialize: interface 9.67.116.98, entity for rsvp allocated and 
    56  initialized
    57  03/22 08:51:06 INFO   :.....mailslot_create: creating mailslot for RSVP
    58  03/22 08:51:06 INFO   :....mailbox_register: mailbox allocated for rsvp
    59  03/22 08:51:06 INFO   :.....mailslot_create: creating mailslot for RSVP via UDP
    60  03/22 08:51:06 INFO   :....mailbox_register: mailbox allocated for rsvp-udp
    61  03/22 08:51:06 TRACE  :..entity_initialize: interface 9.67.117.98, entity for rsvp allocated and 
    62  initialized
    63
    64  03/22 08:51:06 INFO   :.....mailslot_create: creating mailslot for RSVP
    65  03/22 08:51:06 INFO   :....mailbox_register: mailbox allocated for rsvp
    66  03/22 08:51:06 INFO   :.....mailslot_create: creating mailslot for RSVP via UDP
    67  03/22 08:51:06 INFO   :....mailbox_register: mailbox allocated for rsvp-udp
    68  03/22 08:51:06 TRACE  :..entity_initialize: interface 127.0.0.1, entity for rsvp allocated and initialized
    69  03/22 08:51:06 INFO   :......mailslot_create: creating socket for querying route
    70  03/22 08:51:06 INFO   :.....mailbox_register: no mailbox necessary for forward
    71  03/22 08:51:06 INFO   :......mailslot_create: creating mailslot for route engine - informational socket
    72  03/22 08:51:06 TRACE  :......mailslot_create: ready to accept informational socket connection
    73  03/22 08:51:11 INFO   :.....mailbox_register: mailbox allocated for route
    74  03/22 08:51:11 INFO   :.....mailslot_create: creating socket for traffic control module
    75  03/22 08:51:11 INFO   :....mailbox_register: no mailbox necessary for traffic-control
    76  03/22 08:51:11 INFO   :....mailslot_create: creating mailslot for RSVP client API
    77  03/22 08:51:11 INFO   :...mailbox_register: mailbox allocated for rsvp-api
    78  03/22 08:51:11 INFO   :...mailslot_create: creating mailslot for terminate
    79  03/22 08:51:11 INFO   :..mailbox_register: mailbox allocated for terminate
    80  03/22 08:51:11 INFO   :...mailslot_create: creating mailslot for dump
    81  03/22 08:51:11 INFO   :..mailbox_register: mailbox allocated for dump
    82  03/22 08:51:11 INFO   :...mailslot_create: creating mailslot for (broken) pipe
    83  03/22 08:51:11 INFO   :..mailbox_register: mailbox allocated for pipe
    84   07 
    85  03/22 08:51:11 INFO   :.main: rsvpd initialization complete
    86   08 
    87  03/22 08:52:50 INFO   :......rsvp_api_open: accepted a new connection for rapi
    88  03/22 08:52:50 INFO   :.......mailbox_register: mailbox allocated for mailbox
    89  03/22 08:52:50 TRACE  :......rsvp_event_mapSession: Session=9.67.116.99:1047:6 does not exist
    90   09 
    91  03/22 08:52:50 EVENT  :.....api_reader: api request SESSION
    92   10 
    93  03/22 08:52:50 TRACE  :......rsvp_event_establishSession: local node will send
    94  03/22 08:52:50 INFO   :........router_forward_getOI: Ioctl to get route entry successful
    95  03/22 08:52:50 TRACE  :........router_forward_getOI:         source address:   9.67.116.98
    96  03/22 08:52:50 TRACE  :........router_forward_getOI:         out inf:   9.67.116.98
    97  03/22 08:52:50 TRACE  :........router_forward_getOI:         gateway:   0.0.0.0
    98  03/22 08:52:50 TRACE  :........router_forward_getOI:         route handle:   7f5251c8
    99   11 
   100  03/22 08:52:50 TRACE  :.......event_establishSessionSend: found outgoing if=9.67.116.98 through 
   101  forward engine
   102  03/22 08:52:50 TRACE  :......rsvp_event_mapSession: Session=9.67.116.99:1047:6 exists
   103   12 
   104  03/22 08:52:50 EVENT  :.....api_reader: api request SENDER
   105   13 
   106  03/22 08:52:50 INFO   :.......init_policyAPI: papi_debug:  Entering
   107   
   108  03/22 08:52:50 INFO   :.......init_policyAPI: papi_debug:  papiLogFunc = 98681F0 papiUserValue = 0
   109   
   110  03/22 08:52:50 INFO   :.......init_policyAPI: papi_debug:  Exiting
   111   
   112  03/22 08:52:50 INFO   :.......init_policyAPI: APIInitialize:  Entering
   113   
   114  03/22 08:52:50 INFO   :.......init_policyAPI: open_socket:  Entering
   115   
   116  03/22 08:52:50 INFO   :.......init_policyAPI: open_socket:  Exiting
   117   
   118  03/22 08:52:50 INFO   :.......init_policyAPI: APIInitialize:  ApiHandle = 98BDFB0,  connfd = 22
   119   
   120  03/22 08:52:50 INFO   :.......init_policyAPI: APIInitialize:  Exiting
   121   
   122  03/22 08:52:50 INFO   :.......init_policyAPI: RegisterWithPolicyAPI:  Entering
   123
   124  03/22 08:52:50 INFO   :.......init_policyAPI: RegisterWithPolicyAPI:  Writing to socket = 22
   125   
   126  03/22 08:52:50 INFO   :.......init_policyAPI: ReadBuffer:  Entering
   127   
   128  03/22 08:52:51 INFO   :.......init_policyAPI: ReadBuffer:  Exiting
   129   
   130  03/22 08:52:51 INFO   :.......init_policyAPI: RegisterWithPolicyAPI:  Exiting
   131  03/22 08:52:51 INFO   :.......init_policyAPI: Policy API initialized
   132  03/22 08:52:51 INFO   :......rpapi_getPolicyData: RSVPFindActionName:  Entering
   133   
   134  03/22 08:52:51 INFO   :......rpapi_getPolicyData: ReadBuffer:  Entering
   135   
   136  03/22 08:52:51 INFO   :......rpapi_getPolicyData: ReadBuffer:  Exiting
   137   
   138  03/22 08:52:51 INFO   :......rpapi_getPolicyData: RSVPFindActionName:  Result = 0
   139   
   140  03/22 08:52:51 INFO   :......rpapi_getPolicyData: RSVPFindActionName:  Exiting
   141   
   142   14 
   143  03/22 08:52:51 INFO   :......rpapi_getPolicyData: found action name CLCat2 for 
   144  flow[sess=9.67.116.99:1047:6,source=9.67.116.98:8000]
   145  03/22 08:52:51 INFO   :......rpapi_getPolicyData: RSVPFindServiceDetailsOnActName:  Entering
   146   
   147  03/22 08:52:51 INFO   :......rpapi_getPolicyData: ReadBuffer:  Entering
   148   
   149  03/22 08:52:51 INFO   :......rpapi_getPolicyData: ReadBuffer:  Exiting
   150   
   151  03/22 08:52:51 INFO   :......rpapi_getPolicyData: RSVPFindServiceDetailsOnActName:  Result = 0
   152   
   153  03/22 08:52:51 INFO   :......rpapi_getPolicyData: RSVPFindServiceDetailsOnActName:  Exiting
   154   
   155  03/22 08:52:51 INFO   :.....api_reader: appl chose service type 1
   156  03/22 08:52:51 INFO   :......rpapi_getSpecData: RSVPGetTSpec:  Entering
   157   
   158  03/22 08:52:51 INFO   :......rpapi_getSpecData: RSVPGetTSpec:  Result = 0
   159   
   160  03/22 08:52:51 INFO   :......rpapi_getSpecData: RSVPGetTSpec:  Exiting
   161   
   162  03/22 08:52:51 TRACE  :.....api_reader: new service=1, old service=0
   163  03/22 08:52:51 INFO   :.......rsvp_flow_stateMachine: state SESSIONED, event PATHDELTA
   164   15 
   165  03/22 08:52:51 TRACE  :........rsvp_action_nHop: constructing a PATH
   166  03/22 08:52:51 TRACE  :........flow_timer_start: started T1
   167   16 
   168  03/22 08:52:51 TRACE  :.......rsvp_flow_stateMachine: entering state PATHED
   169  03/22 08:52:51 TRACE  :........mailslot_send: sending to (9.67.116.99:0)
   170  03/22 08:52:51 TRACE  :........mailslot_send: sending to (9.67.116.99:1698)
   171   17 
   172  03/22 08:52:51 TRACE  :.....rsvp_event: received event from RAW-IP on interface 9.67.116.98
   173  03/22 08:52:51 TRACE  :......rsvp_explode_packet: v=1,flg=0,type=2,cksm=54875,ttl=255,rsv=0,len=84
   174  03/22 08:52:51 TRACE  :.......rsvp_parse_objects: STYLE is WF
   175  03/22 08:52:51 INFO   :.......rsvp_parse_objects: obj RSVP_HOP hop=9.67.116.99, lih=0
   176  03/22 08:52:51 TRACE  :......rsvp_event_mapSession: Session=9.67.116.99:1047:6 exists
   177  03/22 08:52:51 INFO   :.......rsvp_flow_stateMachine: state PATHED, event RESVDELTA
   178   18 
   179  03/22 08:52:51 TRACE  :........traffic_action_oif: is to install filter
   180  03/22 08:52:51 INFO   :.........qosmgr_request: src-9.67.116.98:8000 dst-9.67.116.99:1047 proto-6 
   181  rthdl-7f5251c8
   182   19 
   183  03/22 08:52:51 INFO   :.........qosmgr_request: [CL r=90000 b=6000 p=110000 m=1024 M=2048]
   184  03/22 08:52:51 INFO   :.........qosmgr_request: Ioctl to add reservation successful
   185  03/22 08:52:51 INFO   :..........rpapi_Reg_UnregFlow: RSVPPutActionName:  Entering
   186
   187  03/22 08:52:51 INFO   :..........rpapi_Reg_UnregFlow: ReadBuffer:  Entering
   188   
   189  03/22 08:52:52 INFO   :..........rpapi_Reg_UnregFlow: ReadBuffer:  Exiting
   190   
   191  03/22 08:52:52 INFO   :..........rpapi_Reg_UnregFlow: RSVPPutActionName:  Result = 0
   192   
   193  03/22 08:52:52 INFO   :..........rpapi_Reg_UnregFlow: RSVPPutActionName:  Exiting
   194   
   195  03/22 08:52:52 INFO   :..........rpapi_Reg_UnregFlow: flow[sess=9.67.116.99:1047:6, 
   196  source=9.67.116.98:8000] registered with CLCat2
   197  03/22 08:52:52 EVENT  :..........qosmgr_response: RESVRESP from qosmgr, reason=0, qoshandle=8b671d0
   198  03/22 08:52:52 INFO   :..........qosmgr_response: src-9.67.116.98:8000 dst-9.67.116.99:1047 proto-6
   199  03/22 08:52:52 TRACE  :...........traffic_reader: tc response msg=1, status=1
   200  03/22 08:52:52 INFO   :...........traffic_reader: Reservation req successful[session=9.67.116.99:1047:6,
   201  source=9.67.116.98:8000, qoshd=8b671d0]
   202   20 
   203  03/22 08:52:52 TRACE  :........api_action_sender: constructing a RESV
   204  03/22 08:52:52 TRACE  :........flow_timer_stop: stopped T1
   205  03/22 08:52:52 TRACE  :........flow_timer_stop: Stop T4
   206  03/22 08:52:52 TRACE  :........flow_timer_start: started T1
   207  03/22 08:52:52 TRACE  :........flow_timer_start: Start T4
   208   21 
   209  03/22 08:52:52 TRACE  :.......rsvp_flow_stateMachine: entering state RESVED
   210   22 
   211  03/22 08:53:07 EVENT  :..mailslot_sitter: process received signal SIGALRM
   212  03/22 08:53:07 TRACE  :.....event_timerT1_expire: T1 expired
   213  03/22 08:53:07 INFO   :......router_forward_getOI: Ioctl to query route entry successful
   214  03/22 08:53:07 TRACE  :......router_forward_getOI:         source address:   9.67.116.98
   215  03/22 08:53:07 TRACE  :......router_forward_getOI:         out inf:   9.67.116.98
   216  03/22 08:53:07 TRACE  :......router_forward_getOI:         gateway:   0.0.0.0
   217  03/22 08:53:07 TRACE  :......router_forward_getOI:         route handle:   7f5251c8
   218  03/22 08:53:07 INFO   :......rsvp_flow_stateMachine: state RESVED, event T1OUT
   219  03/22 08:53:07 TRACE  :.......rsvp_action_nHop: constructing a PATH
   220  03/22 08:53:07 TRACE  :.......flow_timer_start: started T1
   221  03/22 08:53:07 TRACE  :......rsvp_flow_stateMachine: reentering state RESVED
   222  03/22 08:53:07 TRACE  :.......mailslot_send: sending to (9.67.116.99:0)
   223   23 
   224  03/22 08:53:22 TRACE  :.....rsvp_event: received event from RAW-IP on interface 9.67.116.98
   225  03/22 08:53:22 TRACE  :......rsvp_explode_packet: v=1,flg=0,type=2,cksm=54875,ttl=255,rsv=0,len=84
   226  03/22 08:53:22 TRACE  :.......rsvp_parse_objects: STYLE is WF
   227  03/22 08:53:22 INFO   :.......rsvp_parse_objects: obj RSVP_HOP hop=9.67.116.99, lih=0
   228  03/22 08:53:22 TRACE  :......rsvp_event_mapSession: Session=9.67.116.99:1047:6 exists
   229  03/22 08:53:22 INFO   :.......rsvp_flow_stateMachine: state RESVED, event RESV
   230  03/22 08:53:22 TRACE  :........flow_timer_stop: Stop T4
   231  03/22 08:53:22 TRACE  :........flow_timer_start: Start T4
   232  03/22 08:53:22 TRACE  :.......rsvp_flow_stateMachine: reentering state RESVED
   233  03/22 08:53:22 EVENT  :..mailslot_sitter: process received signal SIGALRM
   234  03/22 08:53:22 TRACE  :.....event_timerT1_expire: T1 expired
   235  03/22 08:53:22 INFO   :......router_forward_getOI: Ioctl to query route entry successful
   236  03/22 08:53:22 TRACE  :......router_forward_getOI:         source address:   9.67.116.98
   237  03/22 08:53:22 TRACE  :......router_forward_getOI:         out inf:   9.67.116.98
   238  03/22 08:53:22 TRACE  :......router_forward_getOI:         gateway:   0.0.0.0
   239  03/22 08:53:22 TRACE  :......router_forward_getOI:         route handle:   7f5251c8
   240  03/22 08:53:22 INFO   :......rsvp_flow_stateMachine: state RESVED, event T1OUT
   241  03/22 08:53:22 TRACE  :.......rsvp_action_nHop: constructing a PATH
   242  03/22 08:53:22 TRACE  :.......flow_timer_start: started T1
   243  03/22 08:53:22 TRACE  :......rsvp_flow_stateMachine: reentering state RESVED
   244  03/22 08:53:22 TRACE  :.......mailslot_send: sending to (9.67.116.99:0)
   245  03/22 08:53:38 EVENT  :..mailslot_sitter: process received signal SIGALRM
   246  03/22 08:53:38 TRACE  :.....event_timerT1_expire: T1 expired
   247  03/22 08:53:38 INFO   :......router_forward_getOI: Ioctl to query route entry successful
   248
   249  03/22 08:53:38 TRACE  :......router_forward_getOI:         source address:   9.67.116.98
   250  03/22 08:53:38 TRACE  :......router_forward_getOI:         out inf:   9.67.116.98
   251  03/22 08:53:38 TRACE  :......router_forward_getOI:         gateway:   0.0.0.0
   252  03/22 08:53:38 TRACE  :......router_forward_getOI:         route handle:   7f5251c8
   253  03/22 08:53:38 INFO   :......rsvp_flow_stateMachine: state RESVED, event T1OUT
   254  03/22 08:53:38 TRACE  :.......rsvp_action_nHop: constructing a PATH
   255  03/22 08:53:38 TRACE  :.......flow_timer_start: started T1
   256  03/22 08:53:38 TRACE  :......rsvp_flow_stateMachine: reentering state RESVED
   257  03/22 08:53:38 TRACE  :.......mailslot_send: sending to (9.67.116.99:0)
   258  03/22 08:53:52 TRACE  :.....rsvp_event: received event from RAW-IP on interface 9.67.116.98
   259  03/22 08:53:52 TRACE  :......rsvp_explode_packet: v=1,flg=0,type=2,cksm=54875,ttl=255,rsv=0,len=84
   260  03/22 08:53:52 TRACE  :.......rsvp_parse_objects: STYLE is WF
   261  03/22 08:53:52 INFO   :.......rsvp_parse_objects: obj RSVP_HOP hop=9.67.116.99, lih=0
   262  03/22 08:53:52 TRACE  :......rsvp_event_mapSession: Session=9.67.116.99:1047:6 exists
   263  03/22 08:53:52 INFO   :.......rsvp_flow_stateMachine: state RESVED, event RESV
   264  03/22 08:53:52 TRACE  :........flow_timer_stop: Stop T4
   265  03/22 08:53:52 TRACE  :........flow_timer_start: Start T4
   266  03/22 08:53:52 TRACE  :.......rsvp_flow_stateMachine: reentering state RESVED
   267  03/22 08:53:53 EVENT  :..mailslot_sitter: process received signal SIGALRM
   268  03/22 08:53:53 TRACE  :.....event_timerT1_expire: T1 expired
   269  03/22 08:53:53 INFO   :......router_forward_getOI: Ioctl to query route entry successful
   270  03/22 08:53:53 TRACE  :......router_forward_getOI:         source address:   9.67.116.98
   271  03/22 08:53:53 TRACE  :......router_forward_getOI:         out inf:   9.67.116.98
   272  03/22 08:53:53 TRACE  :......router_forward_getOI:         gateway:   0.0.0.0
   273  03/22 08:53:53 TRACE  :......router_forward_getOI:         route handle:   7f5251c8
   274  03/22 08:53:53 INFO   :......rsvp_flow_stateMachine: state RESVED, event T1OUT
   275  03/22 08:53:53 TRACE  :.......rsvp_action_nHop: constructing a PATH
   276  03/22 08:53:53 TRACE  :.......flow_timer_start: started T1
   277  03/22 08:53:53 TRACE  :......rsvp_flow_stateMachine: reentering state RESVED
   278  03/22 08:53:53 TRACE  :.......mailslot_send: sending to (9.67.116.99:0)
   279  03/22 08:54:09 EVENT  :..mailslot_sitter: process received signal SIGALRM
   280  03/22 08:54:09 TRACE  :.....event_timerT1_expire: T1 expired
   281  03/22 08:54:09 INFO   :......router_forward_getOI: Ioctl to query route entry successful
   282  03/22 08:54:09 TRACE  :......router_forward_getOI:         source address:   9.67.116.98
   283  03/22 08:54:09 TRACE  :......router_forward_getOI:         out inf:   9.67.116.98
   284  03/22 08:54:09 TRACE  :......router_forward_getOI:         gateway:   0.0.0.0
   285  03/22 08:54:09 TRACE  :......router_forward_getOI:         route handle:   7f5251c8
   286  03/22 08:54:09 INFO   :......rsvp_flow_stateMachine: state RESVED, event T1OUT
   287  03/22 08:54:09 TRACE  :.......rsvp_action_nHop: constructing a PATH
   288  03/22 08:54:09 TRACE  :.......flow_timer_start: started T1
   289  03/22 08:54:09 TRACE  :......rsvp_flow_stateMachine: reentering state RESVED
   290  03/22 08:54:09 TRACE  :.......mailslot_send: sending to (9.67.116.99:0)
   291  03/22 08:54:22 TRACE  :.....rsvp_event: received event from RAW-IP on interface 9.67.116.98
   292  03/22 08:54:22 TRACE  :......rsvp_explode_packet: v=1,flg=0,type=2,cksm=54875,ttl=255,rsv=0,len=84
   293  03/22 08:54:22 TRACE  :.......rsvp_parse_objects: STYLE is WF
   294  03/22 08:54:22 INFO   :.......rsvp_parse_objects: obj RSVP_HOP hop=9.67.116.99, lih=0
   295  03/22 08:54:22 TRACE  :......rsvp_event_mapSession: Session=9.67.116.99:1047:6 exists
   296  03/22 08:54:22 INFO   :.......rsvp_flow_stateMachine: state RESVED, event RESV
   297  03/22 08:54:22 TRACE  :........flow_timer_stop: Stop T4
   298  03/22 08:54:22 TRACE  :........flow_timer_start: Start T4
   299  03/22 08:54:22 TRACE  :.......rsvp_flow_stateMachine: reentering state RESVED
   300  03/22 08:54:24 EVENT  :..mailslot_sitter: process received signal SIGALRM
   301  03/22 08:54:24 TRACE  :.....event_timerT1_expire: T1 expired
   302  03/22 08:54:24 INFO   :......router_forward_getOI: Ioctl to query route entry successful
   303  03/22 08:54:24 TRACE  :......router_forward_getOI:         source address:   9.67.116.98
   304  03/22 08:54:24 TRACE  :......router_forward_getOI:         out inf:   9.67.116.98
   305  03/22 08:54:24 TRACE  :......router_forward_getOI:         gateway:   0.0.0.0
   306  03/22 08:54:24 TRACE  :......router_forward_getOI:         route handle:   7f5251c8
   307
   308  03/22 08:54:24 INFO   :......rsvp_flow_stateMachine: state RESVED, event T1OUT
   309  03/22 08:54:24 TRACE  :.......rsvp_action_nHop: constructing a PATH
   310  03/22 08:54:24 TRACE  :.......flow_timer_start: started T1
   311  03/22 08:54:24 TRACE  :......rsvp_flow_stateMachine: reentering state RESVED
   312  03/22 08:54:24 TRACE  :.......mailslot_send: sending to (9.67.116.99:0)
   313  03/22 08:54:35 TRACE  :......rsvp_event_mapSession: Session=9.67.116.99:1047:6 exists
   314   24 
   315  03/22 08:54:35 EVENT  :.....api_reader: api request SENDER_WITHDRAW
   316  03/22 08:54:35 INFO   :.......rsvp_flow_stateMachine: state RESVED, event PATHTEAR
   317   25 
   318  03/22 08:54:35 TRACE  :........traffic_action_oif: is to remove filter
   319  03/22 08:54:35 INFO   :.........qosmgr_request: Ioctl to remove reservation successful
   320  03/22 08:54:35 INFO   :..........rpapi_Reg_UnregFlow: RSVPRemActionName:  Entering
   321   
   322  03/22 08:54:35 INFO   :..........rpapi_Reg_UnregFlow: ReadBuffer:  Entering
   323   
   324  03/22 08:54:35 INFO   :..........rpapi_Reg_UnregFlow: ReadBuffer:  Exiting
   325   
   326  03/22 08:54:35 INFO   :..........rpapi_Reg_UnregFlow: RSVPRemActionName:  Result = 0
   327   
   328  03/22 08:54:35 INFO   :..........rpapi_Reg_UnregFlow: RSVPRemActionName:  Exiting
   329   
   330  03/22 08:54:35 INFO   :..........rpapi_Reg_UnregFlow: flow[sess=9.67.116.99:1047:6, 
   331  source=9.67.116.98:8000] unregistered from CLCat2
   332  03/22 08:54:35 EVENT  :..........qosmgr_response: DELRESP from qosmgr, reason=0, qoshandle=0
   333  03/22 08:54:35 INFO   :..........qosmgr_response: src-9.67.116.98:8000 dst-9.67.116.99:1047 proto-6
   334  03/22 08:54:35 TRACE  :...........traffic_reader: tc response msg=3, status=1
   335   26 
   336  03/22 08:54:35 TRACE  :........rsvp_action_nHop: constructing a PATHTEAR
   337  03/22 08:54:35 TRACE  :........flow_timer_stop: stopped T1
   338  03/22 08:54:35 TRACE  :........flow_timer_stop: Stop T4
   339   27 
   340  03/22 08:54:35 TRACE  :.......rsvp_flow_stateMachine: entering state SESSIONED
   341  03/22 08:54:35 TRACE  :........mailslot_send: sending to (9.67.116.99:0)
   342  03/22 08:54:35 TRACE  :......rsvp_event_propagate: flow[session=9.67.116.99:1047:6, 
   343  source=9.67.116.98:8000] ceased
   344   28 
   345  03/22 08:54:35 EVENT  :.....api_reader: api request CLOSE
   346  03/22 08:54:35 INFO   :.......rsvp_flow_stateMachine: state SESSIONED, event PATHTEAR
   347  03/22 08:54:35 PROTERR:.......rsvp_flow_stateMachine: state SESSIONED does not expect event PATHTEAR
   348   29 
   349  03/22 08:54:53 EVENT  :..mailslot_sitter: process received signal SIGTERM
   350  03/22 08:54:53 INFO   :...check_signals: received TERM signal
   351  03/22 08:54:53 INFO   :......term_policyAPI: UnRegisterFromPolicyAPI:  Entering
   352   
   353  03/22 08:54:53 INFO   :......term_policyAPI: ReadBuffer:  Entering
   354   
   355  03/22 08:54:53 INFO   :......term_policyAPI: ReadBuffer:  Exiting
   356   
   357  03/22 08:54:53 INFO   :......term_policyAPI: UnRegisterFromPolicyAPI:  Result = 0
   358   
   359  03/22 08:54:53 INFO   :......term_policyAPI: UnRegisterFromPolicyAPI:  Exiting
   360   
   361  03/22 08:54:53 INFO   :......term_policyAPI: APITerminate:  Entering
   362   
   363  03/22 08:54:53 INFO   :......term_policyAPI: APITerminate:  Exiting
   364   
   365  03/22 08:54:53 INFO   :......term_policyAPI: Policy API terminated
   366  03/22 08:54:53 INFO   :......dreg_process: deregistering process with the system
   367  03/22 08:54:53 INFO   :......dreg_process: attempt to dereg (ifaeddrg_byaddr)
   368  03/22 08:54:53 INFO   :......dreg_process: rc from ifaeddrg_byaddr  rc =0
   369  03/22 08:54:53 INFO   :.....terminator: process terminated with exit code 0
   370
                                                                                                                                             
┌──(ouerdia㉿kali)-[~/Downloads]
└─$ cat -n example.log example2.log >access_log.log               
                                                                                                                                             
┌──(ouerdia㉿kali)-[~/Downloads]
└─$ head access_log.log                                            

     1
     2   01 
     3  03/22 08:51:01 INFO   :.main: *************** RSVP Agent started ***************
     4   02 
     5  03/22 08:51:01 INFO   :...locate_configFile: Specified configuration file: /u/user10/rsvpd1.conf
     6  03/22 08:51:01 INFO   :.main: Using log level 511
     7  03/22 08:51:01 INFO   :..settcpimage: Get TCP images rc - EDC8112I Operation not supported on socket.
     8   03 
     9  03/22 08:51:01 INFO   :..settcpimage: Associate with TCP/IP image name = TCPCS
    10  03/22 08:51:02 INFO   :..reg_process: registering process with the system
                                                                                                                                             
┌──(ouerdia㉿kali)-[~/Downloads]
└─$ tail access_log.log                                            
   361  03/22 08:54:53 INFO   :......term_policyAPI: APITerminate:  Entering
   362   
   363  03/22 08:54:53 INFO   :......term_policyAPI: APITerminate:  Exiting
   364   
   365  03/22 08:54:53 INFO   :......term_policyAPI: Policy API terminated
   366  03/22 08:54:53 INFO   :......dreg_process: deregistering process with the system
   367  03/22 08:54:53 INFO   :......dreg_process: attempt to dereg (ifaeddrg_byaddr)
   368  03/22 08:54:53 INFO   :......dreg_process: rc from ifaeddrg_byaddr  rc =0
   369  03/22 08:54:53 INFO   :.....terminator: process terminated with exit code 0
   370
                                                                                                                                             
┌──(ouerdia㉿kali)-[~/Downloads]
└─$ logger "A New Message important for you"                       
                                                                                                                                             
┌──(ouerdia㉿kali)-[~/Downloads]
└─$ grep -i kali /var/log/syslog                                           
2025-02-05T22:46:08.057072+01:00 kali systemd[1]: Listening on syslog.socket - Syslog Socket.
2025-02-05T22:46:08.087506+01:00 kali systemd[1]: Starting rsyslog.service - System Logging Service...
2025-02-05T22:46:08.056089+01:00 kali rsyslogd: imuxsock: Acquired UNIX socket '/run/systemd/journal/syslog' (fd 3) from systemd.  [v8.2412.0]
2025-02-05T22:46:08.087933+01:00 kali kernel: Linux version 6.11.2-amd64 (devel@kali.org) (x86_64-linux-gnu-gcc-14 (Debian 14.2.0-6) 14.2.0, GNU ld (GNU Binutils for Debian) 2.43.1) #1 SMP PREEMPT_DYNAMIC Kali 6.11.2-1kali1 (2024-10-15)
2025-02-05T22:46:08.087957+01:00 kali kernel: Command line: BOOT_IMAGE=/boot/vmlinuz-6.11.2-amd64 root=UUID=cb443310-558f-4e02-8575-ebebe0d1f124 ro quiet splash
2025-02-05T22:46:08.087958+01:00 kali kernel: Disabled fast string operations
2025-02-05T22:46:08.087959+01:00 kali kernel: BIOS-provided physical RAM map:
2025-02-05T22:46:08.087959+01:00 kali kernel: BIOS-e820: [mem 0x0000000000000000-0x000000000009e7ff] usable
2025-02-05T22:46:08.087960+01:00 kali kernel: BIOS-e820: [mem 0x000000000009e800-0x000000000009ffff] reserved
2025-02-05T22:46:08.087960+01:00 kali kernel: BIOS-e820: [mem 0x00000000000dc000-0x00000000000fffff] reserved
2025-02-05T22:46:08.087963+01:00 kali kernel: BIOS-e820: [mem 0x0000000000100000-0x000000007fedffff] usable
2025-02-05T22:46:08.087964+01:00 kali kernel: BIOS-e820: [mem 0x000000007fee0000-0x000000007fefefff] ACPI data
2025-02-05T22:46:08.087965+01:00 kali kernel: BIOS-e820: [mem 0x000000007feff000-0x000000007fefffff] ACPI NVS
2025-02-05T22:46:08.087965+01:00 kali kernel: BIOS-e820: [mem 0x000000007ff00000-0x000000007fffffff] usable
2025-02-05T22:46:08.087966+01:00 kali kernel: BIOS-e820: [mem 0x00000000f0000000-0x00000000f7ffffff] reserved
2025-02-05T22:46:08.087966+01:00 kali kernel: BIOS-e820: [mem 0x00000000fec00000-0x00000000fec0ffff] reserved
2025-02-05T22:46:08.087967+01:00 kali kernel: BIOS-e820: [mem 0x00000000fee00000-0x00000000fee00fff] reserved
2025-02-05T22:46:08.087970+01:00 kali kernel: BIOS-e820: [mem 0x00000000fffe0000-0x00000000ffffffff] reserved
2025-02-05T22:46:08.087971+01:00 kali kernel: NX (Execute Disable) protection: active
2025-02-05T22:46:08.087971+01:00 kali kernel: APIC: Static calls initialized
2025-02-05T22:46:08.087972+01:00 kali kernel: SMBIOS 2.7 present.
2025-02-05T22:46:08.087972+01:00 kali kernel: DMI: VMware, Inc. VMware Virtual Platform/440BX Desktop Reference Platform, BIOS 6.00 11/12/2020
2025-02-05T22:46:08.087973+01:00 kali kernel: DMI: Memory slots populated: 1/128
2025-02-05T22:46:08.087976+01:00 kali kernel: vmware: hypercall mode: 0x02
2025-02-05T22:46:08.087976+01:00 kali kernel: Hypervisor detected: VMware
2025-02-05T22:46:08.087977+01:00 kali kernel: vmware: TSC freq read from hypervisor : 2712.005 MHz
2025-02-05T22:46:08.087977+01:00 kali kernel: vmware: Host bus clock speed read from hypervisor : 66000000 Hz
2025-02-05T22:46:08.087978+01:00 kali kernel: vmware: using clock offset of 35738105308 ns
2025-02-05T22:46:08.087978+01:00 kali kernel: tsc: Detected 2712.005 MHz processor
2025-02-05T22:46:08.087981+01:00 kali kernel: e820: update [mem 0x00000000-0x00000fff] usable ==> reserved
2025-02-05T22:46:08.087982+01:00 kali kernel: e820: remove [mem 0x000a0000-0x000fffff] usable
2025-02-05T22:46:08.087982+01:00 kali kernel: last_pfn = 0x80000 max_arch_pfn = 0x400000000
2025-02-05T22:46:08.087983+01:00 kali kernel: MTRR map: 8 entries (5 fixed + 3 variable; max 21), built from 8 variable MTRRs
2025-02-05T22:46:08.087983+01:00 kali kernel: x86/PAT: Configuration [0-7]: WB  WC  UC- UC  WB  WP  UC- WT  
2025-02-05T22:46:08.087984+01:00 kali kernel: e820: update [mem 0xc0000000-0xffffffff] usable ==> reserved
2025-02-05T22:46:08.087985+01:00 kali kernel: found SMP MP-table at [mem 0x000f6a70-0x000f6a7f]
2025-02-05T22:46:08.087988+01:00 kali kernel: Using GB pages for direct mapping
2025-02-05T22:46:08.087988+01:00 kali kernel: RAMDISK: [mem 0x29653000-0x30b20fff]
2025-02-05T22:46:08.087989+01:00 kali kernel: ACPI: Early table checksum verification disabled
2025-02-05T22:46:08.087989+01:00 kali kernel: ACPI: RSDP 0x00000000000F6A00 000024 (v02 PTLTD )
2025-02-05T22:46:08.087990+01:00 kali kernel: ACPI: XSDT 0x000000007FEE8633 00005C (v01 INTEL  440BX    06040000 VMW  01324272)
2025-02-05T22:46:08.087990+01:00 kali kernel: ACPI: FACP 0x000000007FEFEE73 0000F4 (v04 INTEL  440BX    06040000 PTL  000F4240)
2025-02-05T22:46:08.087993+01:00 kali kernel: ACPI: DSDT 0x000000007FEEA36E 014B05 (v01 PTLTD  Custom   06040000 MSFT 03000001)
2025-02-05T22:46:08.087994+01:00 kali kernel: ACPI: FACS 0x000000007FEFFFC0 000040
2025-02-05T22:46:08.087994+01:00 kali kernel: ACPI: FACS 0x000000007FEFFFC0 000040
2025-02-05T22:46:08.087995+01:00 kali kernel: ACPI: BOOT 0x000000007FEEA346 000028 (v01 PTLTD  $SBFTBL$ 06040000  LTP 00000001)
2025-02-05T22:46:08.087995+01:00 kali kernel: ACPI: APIC 0x000000007FEE98BD 000742 (v01 PTLTD  ? APIC   06040000  LTP 00000000)
2025-02-05T22:46:08.087996+01:00 kali kernel: ACPI: MCFG 0x000000007FEE9881 00003C (v01 PTLTD  $PCITBL$ 06040000  LTP 00000001)
2025-02-05T22:46:08.087996+01:00 kali kernel: ACPI: SRAT 0x000000007FEE872F 0008D0 (v02 VMWARE MEMPLUG  06040000 VMW  00000001)
2025-02-05T22:46:08.087999+01:00 kali kernel: ACPI: HPET 0x000000007FEE86F7 000038 (v01 VMWARE VMW HPET 06040000 VMW  00000001)
2025-02-05T22:46:08.088000+01:00 kali kernel: ACPI: WAET 0x000000007FEE86CF 000028 (v01 VMWARE VMW WAET 06040000 VMW  00000001)
2025-02-05T22:46:08.088000+01:00 kali kernel: ACPI: Reserving FACP table memory at [mem 0x7fefee73-0x7fefef66]
2025-02-05T22:46:08.088001+01:00 kali kernel: ACPI: Reserving DSDT table memory at [mem 0x7feea36e-0x7fefee72]
2025-02-05T22:46:08.088002+01:00 kali kernel: ACPI: Reserving FACS table memory at [mem 0x7fefffc0-0x7fefffff]
2025-02-05T22:46:08.088002+01:00 kali kernel: ACPI: Reserving FACS table memory at [mem 0x7fefffc0-0x7fefffff]
2025-02-05T22:46:08.088005+01:00 kali kernel: ACPI: Reserving BOOT table memory at [mem 0x7feea346-0x7feea36d]
2025-02-05T22:46:08.088005+01:00 kali kernel: ACPI: Reserving APIC table memory at [mem 0x7fee98bd-0x7fee9ffe]
2025-02-05T22:46:08.088006+01:00 kali kernel: ACPI: Reserving MCFG table memory at [mem 0x7fee9881-0x7fee98bc]
2025-02-05T22:46:08.088006+01:00 kali kernel: ACPI: Reserving SRAT table memory at [mem 0x7fee872f-0x7fee8ffe]
2025-02-05T22:46:08.088007+01:00 kali kernel: ACPI: Reserving HPET table memory at [mem 0x7fee86f7-0x7fee872e]
2025-02-05T22:46:08.088007+01:00 kali kernel: ACPI: Reserving WAET table memory at [mem 0x7fee86cf-0x7fee86f6]
2025-02-05T22:46:08.088011+01:00 kali kernel: system APIC only can use physical flat
2025-02-05T22:46:08.088011+01:00 kali kernel: APIC: Switched APIC routing to: physical flat
2025-02-05T22:46:08.088012+01:00 kali kernel: SRAT: PXM 0 -> APIC 0x00 -> Node 0
2025-02-05T22:46:08.088012+01:00 kali kernel: SRAT: PXM 0 -> APIC 0x02 -> Node 0
2025-02-05T22:46:08.088013+01:00 kali kernel: SRAT: PXM 0 -> APIC 0x04 -> Node 0
2025-02-05T22:46:08.088013+01:00 kali kernel: SRAT: PXM 0 -> APIC 0x06 -> Node 0
2025-02-05T22:46:08.088014+01:00 kali kernel: SRAT: PXM 0 -> APIC 0x08 -> Node 0
2025-02-05T22:46:08.088017+01:00 kali kernel: SRAT: PXM 0 -> APIC 0x0a -> Node 0
2025-02-05T22:46:08.088017+01:00 kali kernel: SRAT: PXM 0 -> APIC 0x0c -> Node 0
2025-02-05T22:46:08.088018+01:00 kali kernel: SRAT: PXM 0 -> APIC 0x0e -> Node 0
2025-02-05T22:46:08.088019+01:00 kali kernel: SRAT: PXM 0 -> APIC 0x10 -> Node 0
2025-02-05T22:46:08.088019+01:00 kali kernel: SRAT: PXM 0 -> APIC 0x12 -> Node 0
2025-02-05T22:46:08.088020+01:00 kali kernel: SRAT: PXM 0 -> APIC 0x14 -> Node 0
2025-02-05T22:46:08.088022+01:00 kali kernel: SRAT: PXM 0 -> APIC 0x16 -> Node 0
2025-02-05T22:46:08.088023+01:00 kali kernel: SRAT: PXM 0 -> APIC 0x18 -> Node 0
2025-02-05T22:46:08.088023+01:00 kali kernel: SRAT: PXM 0 -> APIC 0x1a -> Node 0
2025-02-05T22:46:08.088024+01:00 kali kernel: SRAT: PXM 0 -> APIC 0x1c -> Node 0
2025-02-05T22:46:08.088024+01:00 kali kernel: SRAT: PXM 0 -> APIC 0x1e -> Node 0
2025-02-05T22:46:08.088025+01:00 kali kernel: SRAT: PXM 0 -> APIC 0x20 -> Node 0
2025-02-05T22:46:08.088026+01:00 kali kernel: SRAT: PXM 0 -> APIC 0x22 -> Node 0
2025-02-05T22:46:08.088029+01:00 kali kernel: SRAT: PXM 0 -> APIC 0x24 -> Node 0
2025-02-05T22:46:08.088029+01:00 kali kernel: SRAT: PXM 0 -> APIC 0x26 -> Node 0
2025-02-05T22:46:08.088030+01:00 kali kernel: SRAT: PXM 0 -> APIC 0x28 -> Node 0
2025-02-05T22:46:08.088030+01:00 kali kernel: SRAT: PXM 0 -> APIC 0x2a -> Node 0
2025-02-05T22:46:08.088031+01:00 kali kernel: SRAT: PXM 0 -> APIC 0x2c -> Node 0
2025-02-05T22:46:08.088031+01:00 kali kernel: SRAT: PXM 0 -> APIC 0x2e -> Node 0
2025-02-05T22:46:08.088034+01:00 kali kernel: SRAT: PXM 0 -> APIC 0x30 -> Node 0
2025-02-05T22:46:08.088035+01:00 kali kernel: SRAT: PXM 0 -> APIC 0x32 -> Node 0
2025-02-05T22:46:08.088035+01:00 kali kernel: SRAT: PXM 0 -> APIC 0x34 -> Node 0
2025-02-05T22:46:08.088036+01:00 kali kernel: SRAT: PXM 0 -> APIC 0x36 -> Node 0
2025-02-05T22:46:08.088036+01:00 kali kernel: SRAT: PXM 0 -> APIC 0x38 -> Node 0
2025-02-05T22:46:08.088037+01:00 kali kernel: SRAT: PXM 0 -> APIC 0x3a -> Node 0
2025-02-05T22:46:08.088039+01:00 kali kernel: SRAT: PXM 0 -> APIC 0x3c -> Node 0
2025-02-05T22:46:08.088040+01:00 kali kernel: SRAT: PXM 0 -> APIC 0x3e -> Node 0
2025-02-05T22:46:08.088041+01:00 kali kernel: SRAT: PXM 0 -> APIC 0x40 -> Node 0
2025-02-05T22:46:08.088041+01:00 kali kernel: SRAT: PXM 0 -> APIC 0x42 -> Node 0
2025-02-05T22:46:08.088042+01:00 kali kernel: SRAT: PXM 0 -> APIC 0x44 -> Node 0
2025-02-05T22:46:08.088042+01:00 kali kernel: SRAT: PXM 0 -> APIC 0x46 -> Node 0
2025-02-05T22:46:08.088043+01:00 kali kernel: SRAT: PXM 0 -> APIC 0x48 -> Node 0
2025-02-05T22:46:08.088046+01:00 kali kernel: SRAT: PXM 0 -> APIC 0x4a -> Node 0
2025-02-05T22:46:08.088046+01:00 kali kernel: SRAT: PXM 0 -> APIC 0x4c -> Node 0
2025-02-05T22:46:08.088047+01:00 kali kernel: SRAT: PXM 0 -> APIC 0x4e -> Node 0
2025-02-05T22:46:08.088047+01:00 kali kernel: SRAT: PXM 0 -> APIC 0x50 -> Node 0
2025-02-05T22:46:08.088048+01:00 kali kernel: SRAT: PXM 0 -> APIC 0x52 -> Node 0
2025-02-05T22:46:08.088048+01:00 kali kernel: SRAT: PXM 0 -> APIC 0x54 -> Node 0
2025-02-05T22:46:08.088051+01:00 kali kernel: SRAT: PXM 0 -> APIC 0x56 -> Node 0
2025-02-05T22:46:08.088052+01:00 kali kernel: SRAT: PXM 0 -> APIC 0x58 -> Node 0
2025-02-05T22:46:08.088052+01:00 kali kernel: SRAT: PXM 0 -> APIC 0x5a -> Node 0
2025-02-05T22:46:08.088053+01:00 kali kernel: SRAT: PXM 0 -> APIC 0x5c -> Node 0
2025-02-05T22:46:08.088053+01:00 kali kernel: SRAT: PXM 0 -> APIC 0x5e -> Node 0
2025-02-05T22:46:08.088054+01:00 kali kernel: SRAT: PXM 0 -> APIC 0x60 -> Node 0
2025-02-05T22:46:08.088054+01:00 kali kernel: SRAT: PXM 0 -> APIC 0x62 -> Node 0
2025-02-05T22:46:08.088057+01:00 kali kernel: SRAT: PXM 0 -> APIC 0x64 -> Node 0
2025-02-05T22:46:08.088058+01:00 kali kernel: SRAT: PXM 0 -> APIC 0x66 -> Node 0
2025-02-05T22:46:08.088058+01:00 kali kernel: SRAT: PXM 0 -> APIC 0x68 -> Node 0
2025-02-05T22:46:08.088059+01:00 kali kernel: SRAT: PXM 0 -> APIC 0x6a -> Node 0
2025-02-05T22:46:08.088059+01:00 kali kernel: SRAT: PXM 0 -> APIC 0x6c -> Node 0
2025-02-05T22:46:08.088060+01:00 kali kernel: SRAT: PXM 0 -> APIC 0x6e -> Node 0
2025-02-05T22:46:08.088063+01:00 kali kernel: SRAT: PXM 0 -> APIC 0x70 -> Node 0
2025-02-05T22:46:08.088064+01:00 kali kernel: SRAT: PXM 0 -> APIC 0x72 -> Node 0
2025-02-05T22:46:08.088064+01:00 kali kernel: SRAT: PXM 0 -> APIC 0x74 -> Node 0
2025-02-05T22:46:08.088065+01:00 kali kernel: SRAT: PXM 0 -> APIC 0x76 -> Node 0
2025-02-05T22:46:08.088065+01:00 kali kernel: SRAT: PXM 0 -> APIC 0x78 -> Node 0
2025-02-05T22:46:08.088066+01:00 kali kernel: SRAT: PXM 0 -> APIC 0x7a -> Node 0
2025-02-05T22:46:08.088074+01:00 kali kernel: SRAT: PXM 0 -> APIC 0x7c -> Node 0
2025-02-05T22:46:08.108983+01:00 kali rsyslogd: [origin software="rsyslogd" swVersion="8.2412.0" x-pid="105753" x-info="https://www.rsyslog.com"] start
2025-02-05T22:46:08.124400+01:00 kali kernel: SRAT: PXM 0 -> APIC 0x7e -> Node 0
2025-02-05T22:46:08.124409+01:00 kali kernel: SRAT: PXM 0 -> APIC 0x80 -> Node 0
2025-02-05T22:46:08.124410+01:00 kali kernel: SRAT: PXM 0 -> APIC 0x82 -> Node 0
2025-02-05T22:46:08.124412+01:00 kali kernel: SRAT: PXM 0 -> APIC 0x84 -> Node 0
2025-02-05T22:46:08.124413+01:00 kali kernel: SRAT: PXM 0 -> APIC 0x86 -> Node 0
2025-02-05T22:46:08.124413+01:00 kali kernel: SRAT: PXM 0 -> APIC 0x88 -> Node 0
2025-02-05T22:46:08.124414+01:00 kali kernel: SRAT: PXM 0 -> APIC 0x8a -> Node 0
2025-02-05T22:46:08.124415+01:00 kali kernel: SRAT: PXM 0 -> APIC 0x8c -> Node 0
2025-02-05T22:46:08.124416+01:00 kali kernel: SRAT: PXM 0 -> APIC 0x8e -> Node 0
2025-02-05T22:46:08.124417+01:00 kali kernel: SRAT: PXM 0 -> APIC 0x90 -> Node 0
2025-02-05T22:46:08.124418+01:00 kali kernel: SRAT: PXM 0 -> APIC 0x92 -> Node 0
2025-02-05T22:46:08.124419+01:00 kali kernel: SRAT: PXM 0 -> APIC 0x94 -> Node 0
2025-02-05T22:46:08.124420+01:00 kali kernel: SRAT: PXM 0 -> APIC 0x96 -> Node 0
2025-02-05T22:46:08.124422+01:00 kali kernel: SRAT: PXM 0 -> APIC 0x98 -> Node 0
2025-02-05T22:46:08.124424+01:00 kali kernel: SRAT: PXM 0 -> APIC 0x9a -> Node 0
2025-02-05T22:46:08.124425+01:00 kali kernel: SRAT: PXM 0 -> APIC 0x9c -> Node 0
2025-02-05T22:46:08.124426+01:00 kali kernel: SRAT: PXM 0 -> APIC 0x9e -> Node 0
2025-02-05T22:46:08.124427+01:00 kali kernel: SRAT: PXM 0 -> APIC 0xa0 -> Node 0
2025-02-05T22:46:08.124428+01:00 kali kernel: SRAT: PXM 0 -> APIC 0xa2 -> Node 0
2025-02-05T22:46:08.124428+01:00 kali kernel: SRAT: PXM 0 -> APIC 0xa4 -> Node 0
2025-02-05T22:46:08.124429+01:00 kali kernel: SRAT: PXM 0 -> APIC 0xa6 -> Node 0
2025-02-05T22:46:08.124430+01:00 kali kernel: SRAT: PXM 0 -> APIC 0xa8 -> Node 0
2025-02-05T22:46:08.124431+01:00 kali kernel: SRAT: PXM 0 -> APIC 0xaa -> Node 0
2025-02-05T22:46:08.124432+01:00 kali kernel: SRAT: PXM 0 -> APIC 0xac -> Node 0
2025-02-05T22:46:08.124433+01:00 kali kernel: SRAT: PXM 0 -> APIC 0xae -> Node 0
2025-02-05T22:46:08.124433+01:00 kali kernel: SRAT: PXM 0 -> APIC 0xb0 -> Node 0
2025-02-05T22:46:08.124434+01:00 kali kernel: SRAT: PXM 0 -> APIC 0xb2 -> Node 0
2025-02-05T22:46:08.124435+01:00 kali kernel: SRAT: PXM 0 -> APIC 0xb4 -> Node 0
2025-02-05T22:46:08.124436+01:00 kali kernel: SRAT: PXM 0 -> APIC 0xb6 -> Node 0
2025-02-05T22:46:08.124437+01:00 kali kernel: SRAT: PXM 0 -> APIC 0xb8 -> Node 0
2025-02-05T22:46:08.124438+01:00 kali kernel: SRAT: PXM 0 -> APIC 0xba -> Node 0
2025-02-05T22:46:08.124439+01:00 kali kernel: SRAT: PXM 0 -> APIC 0xbc -> Node 0
2025-02-05T22:46:08.124440+01:00 kali kernel: SRAT: PXM 0 -> APIC 0xbe -> Node 0
2025-02-05T22:46:08.124441+01:00 kali kernel: SRAT: PXM 0 -> APIC 0xc0 -> Node 0
2025-02-05T22:46:08.124442+01:00 kali kernel: SRAT: PXM 0 -> APIC 0xc2 -> Node 0
2025-02-05T22:46:08.124443+01:00 kali kernel: SRAT: PXM 0 -> APIC 0xc4 -> Node 0
2025-02-05T22:46:08.124444+01:00 kali kernel: SRAT: PXM 0 -> APIC 0xc6 -> Node 0
2025-02-05T22:46:08.124445+01:00 kali kernel: SRAT: PXM 0 -> APIC 0xc8 -> Node 0
2025-02-05T22:46:08.124446+01:00 kali kernel: SRAT: PXM 0 -> APIC 0xca -> Node 0
2025-02-05T22:46:08.124447+01:00 kali kernel: SRAT: PXM 0 -> APIC 0xcc -> Node 0
2025-02-05T22:46:08.124448+01:00 kali kernel: SRAT: PXM 0 -> APIC 0xce -> Node 0
2025-02-05T22:46:08.124449+01:00 kali kernel: SRAT: PXM 0 -> APIC 0xd0 -> Node 0
2025-02-05T22:46:08.124450+01:00 kali kernel: SRAT: PXM 0 -> APIC 0xd2 -> Node 0
2025-02-05T22:46:08.124451+01:00 kali kernel: SRAT: PXM 0 -> APIC 0xd4 -> Node 0
2025-02-05T22:46:08.124453+01:00 kali kernel: SRAT: PXM 0 -> APIC 0xd6 -> Node 0
2025-02-05T22:46:08.124454+01:00 kali kernel: SRAT: PXM 0 -> APIC 0xd8 -> Node 0
2025-02-05T22:46:08.124455+01:00 kali kernel: SRAT: PXM 0 -> APIC 0xda -> Node 0
2025-02-05T22:46:08.124456+01:00 kali kernel: SRAT: PXM 0 -> APIC 0xdc -> Node 0
2025-02-05T22:46:08.124458+01:00 kali kernel: SRAT: PXM 0 -> APIC 0xde -> Node 0
2025-02-05T22:46:08.124459+01:00 kali kernel: SRAT: PXM 0 -> APIC 0xe0 -> Node 0
2025-02-05T22:46:08.124460+01:00 kali kernel: SRAT: PXM 0 -> APIC 0xe2 -> Node 0
2025-02-05T22:46:08.124461+01:00 kali kernel: SRAT: PXM 0 -> APIC 0xe4 -> Node 0
2025-02-05T22:46:08.124462+01:00 kali kernel: SRAT: PXM 0 -> APIC 0xe6 -> Node 0
2025-02-05T22:46:08.124462+01:00 kali kernel: SRAT: PXM 0 -> APIC 0xe8 -> Node 0
2025-02-05T22:46:08.124463+01:00 kali kernel: SRAT: PXM 0 -> APIC 0xea -> Node 0
2025-02-05T22:46:08.124464+01:00 kali kernel: SRAT: PXM 0 -> APIC 0xec -> Node 0
2025-02-05T22:46:08.124465+01:00 kali kernel: SRAT: PXM 0 -> APIC 0xee -> Node 0
2025-02-05T22:46:08.124466+01:00 kali kernel: SRAT: PXM 0 -> APIC 0xf0 -> Node 0
2025-02-05T22:46:08.124467+01:00 kali kernel: SRAT: PXM 0 -> APIC 0xf2 -> Node 0
2025-02-05T22:46:08.124468+01:00 kali kernel: SRAT: PXM 0 -> APIC 0xf4 -> Node 0
2025-02-05T22:46:08.124468+01:00 kali kernel: SRAT: PXM 0 -> APIC 0xf6 -> Node 0
2025-02-05T22:46:08.124469+01:00 kali kernel: SRAT: PXM 0 -> APIC 0xf8 -> Node 0
2025-02-05T22:46:08.124470+01:00 kali kernel: SRAT: PXM 0 -> APIC 0xfa -> Node 0
2025-02-05T22:46:08.124471+01:00 kali kernel: SRAT: PXM 0 -> APIC 0xfc -> Node 0
2025-02-05T22:46:08.124472+01:00 kali kernel: SRAT: PXM 0 -> APIC 0xfe -> Node 0
2025-02-05T22:46:08.124473+01:00 kali kernel: ACPI: SRAT: Node 0 PXM 0 [mem 0x00000000-0x0009ffff]
2025-02-05T22:46:08.124474+01:00 kali kernel: ACPI: SRAT: Node 0 PXM 0 [mem 0x00100000-0x7fffffff]
2025-02-05T22:46:08.124475+01:00 kali kernel: ACPI: SRAT: Node 0 PXM 0 [mem 0x80000000-0xbfffffff] hotplug
2025-02-05T22:46:08.124476+01:00 kali kernel: ACPI: SRAT: Node 0 PXM 0 [mem 0x100000000-0x83fffffff] hotplug
2025-02-05T22:46:08.124478+01:00 kali kernel: NUMA: Node 0 [mem 0x00000000-0x0009ffff] + [mem 0x00100000-0x7fffffff] -> [mem 0x00000000-0x7fffffff]
2025-02-05T22:46:08.124479+01:00 kali kernel: NODE_DATA(0) allocated [mem 0x7ffd5000-0x7fffffff]
2025-02-05T22:46:08.124481+01:00 kali kernel: Zone ranges:
2025-02-05T22:46:08.124482+01:00 kali kernel:   DMA      [mem 0x0000000000001000-0x0000000000ffffff]
2025-02-05T22:46:08.124483+01:00 kali kernel:   DMA32    [mem 0x0000000001000000-0x000000007fffffff]
2025-02-05T22:46:08.124485+01:00 kali kernel:   Normal   empty
2025-02-05T22:46:08.124487+01:00 kali kernel:   Device   empty
2025-02-05T22:46:08.124488+01:00 kali kernel: Movable zone start for each node
2025-02-05T22:46:08.124490+01:00 kali kernel: Early memory node ranges
2025-02-05T22:46:08.124492+01:00 kali kernel:   node   0: [mem 0x0000000000001000-0x000000000009dfff]
2025-02-05T22:46:08.124493+01:00 kali kernel:   node   0: [mem 0x0000000000100000-0x000000007fedffff]
2025-02-05T22:46:08.124495+01:00 kali kernel:   node   0: [mem 0x000000007ff00000-0x000000007fffffff]
2025-02-05T22:46:08.124496+01:00 kali kernel: Initmem setup node 0 [mem 0x0000000000001000-0x000000007fffffff]
2025-02-05T22:46:08.124498+01:00 kali kernel: On node 0, zone DMA: 1 pages in unavailable ranges
2025-02-05T22:46:08.124499+01:00 kali kernel: On node 0, zone DMA: 98 pages in unavailable ranges
2025-02-05T22:46:08.124501+01:00 kali kernel: On node 0, zone DMA32: 32 pages in unavailable ranges
2025-02-05T22:46:08.124502+01:00 kali kernel: ACPI: PM-Timer IO Port: 0x1008
2025-02-05T22:46:08.124504+01:00 kali kernel: system APIC only can use physical flat
2025-02-05T22:46:08.124504+01:00 kali kernel: ACPI: LAPIC_NMI (acpi_id[0x00] high edge lint[0x1])
2025-02-05T22:46:08.124506+01:00 kali kernel: ACPI: LAPIC_NMI (acpi_id[0x01] high edge lint[0x1])
2025-02-05T22:46:08.124507+01:00 kali kernel: ACPI: LAPIC_NMI (acpi_id[0x02] high edge lint[0x1])
2025-02-05T22:46:08.124509+01:00 kali kernel: ACPI: LAPIC_NMI (acpi_id[0x03] high edge lint[0x1])
2025-02-05T22:46:08.124511+01:00 kali kernel: ACPI: LAPIC_NMI (acpi_id[0x04] high edge lint[0x1])
2025-02-05T22:46:08.124512+01:00 kali kernel: ACPI: LAPIC_NMI (acpi_id[0x05] high edge lint[0x1])
2025-02-05T22:46:08.124513+01:00 kali kernel: ACPI: LAPIC_NMI (acpi_id[0x06] high edge lint[0x1])
2025-02-05T22:46:08.124516+01:00 kali kernel: ACPI: LAPIC_NMI (acpi_id[0x07] high edge lint[0x1])
2025-02-05T22:46:08.124517+01:00 kali kernel: ACPI: LAPIC_NMI (acpi_id[0x08] high edge lint[0x1])
2025-02-05T22:46:08.124518+01:00 kali kernel: ACPI: LAPIC_NMI (acpi_id[0x09] high edge lint[0x1])
2025-02-05T22:46:08.124520+01:00 kali kernel: ACPI: LAPIC_NMI (acpi_id[0x0a] high edge lint[0x1])
2025-02-05T22:46:08.124522+01:00 kali kernel: ACPI: LAPIC_NMI (acpi_id[0x0b] high edge lint[0x1])
2025-02-05T22:46:08.124524+01:00 kali kernel: ACPI: LAPIC_NMI (acpi_id[0x0c] high edge lint[0x1])
2025-02-05T22:46:08.124525+01:00 kali kernel: ACPI: LAPIC_NMI (acpi_id[0x0d] high edge lint[0x1])
2025-02-05T22:46:08.124527+01:00 kali kernel: ACPI: LAPIC_NMI (acpi_id[0x0e] high edge lint[0x1])
2025-02-05T22:46:08.124529+01:00 kali kernel: ACPI: LAPIC_NMI (acpi_id[0x0f] high edge lint[0x1])
2025-02-05T22:46:08.124530+01:00 kali kernel: ACPI: LAPIC_NMI (acpi_id[0x10] high edge lint[0x1])
2025-02-05T22:46:08.124531+01:00 kali kernel: ACPI: LAPIC_NMI (acpi_id[0x11] high edge lint[0x1])
2025-02-05T22:46:08.124532+01:00 kali kernel: ACPI: LAPIC_NMI (acpi_id[0x12] high edge lint[0x1])
2025-02-05T22:46:08.124533+01:00 kali kernel: ACPI: LAPIC_NMI (acpi_id[0x13] high edge lint[0x1])
2025-02-05T22:46:08.124534+01:00 kali kernel: ACPI: LAPIC_NMI (acpi_id[0x14] high edge lint[0x1])
2025-02-05T22:46:08.124535+01:00 kali kernel: ACPI: LAPIC_NMI (acpi_id[0x15] high edge lint[0x1])
2025-02-05T22:46:08.124536+01:00 kali kernel: ACPI: LAPIC_NMI (acpi_id[0x16] high edge lint[0x1])
2025-02-05T22:46:08.124537+01:00 kali kernel: ACPI: LAPIC_NMI (acpi_id[0x17] high edge lint[0x1])
2025-02-05T22:46:08.124538+01:00 kali kernel: ACPI: LAPIC_NMI (acpi_id[0x18] high edge lint[0x1])
2025-02-05T22:46:08.124539+01:00 kali kernel: ACPI: LAPIC_NMI (acpi_id[0x19] high edge lint[0x1])
2025-02-05T22:46:08.124540+01:00 kali kernel: ACPI: LAPIC_NMI (acpi_id[0x1a] high edge lint[0x1])
2025-02-05T22:46:08.124541+01:00 kali kernel: ACPI: LAPIC_NMI (acpi_id[0x1b] high edge lint[0x1])
2025-02-05T22:46:08.124542+01:00 kali kernel: ACPI: LAPIC_NMI (acpi_id[0x1c] high edge lint[0x1])
2025-02-05T22:46:08.124543+01:00 kali kernel: ACPI: LAPIC_NMI (acpi_id[0x1d] high edge lint[0x1])
2025-02-05T22:46:08.124543+01:00 kali kernel: ACPI: LAPIC_NMI (acpi_id[0x1e] high edge lint[0x1])
2025-02-05T22:46:08.124545+01:00 kali kernel: ACPI: LAPIC_NMI (acpi_id[0x1f] high edge lint[0x1])
2025-02-05T22:46:08.124547+01:00 kali kernel: ACPI: LAPIC_NMI (acpi_id[0x20] high edge lint[0x1])
2025-02-05T22:46:08.124548+01:00 kali kernel: ACPI: LAPIC_NMI (acpi_id[0x21] high edge lint[0x1])
2025-02-05T22:46:08.124549+01:00 kali kernel: ACPI: LAPIC_NMI (acpi_id[0x22] high edge lint[0x1])
2025-02-05T22:46:08.124550+01:00 kali kernel: ACPI: LAPIC_NMI (acpi_id[0x23] high edge lint[0x1])
2025-02-05T22:46:08.124551+01:00 kali kernel: ACPI: LAPIC_NMI (acpi_id[0x24] high edge lint[0x1])
2025-02-05T22:46:08.124552+01:00 kali kernel: ACPI: LAPIC_NMI (acpi_id[0x25] high edge lint[0x1])
2025-02-05T22:46:08.124567+01:00 kali kernel: ACPI: LAPIC_NMI (acpi_id[0x26] high edge lint[0x1])
2025-02-05T22:46:08.124569+01:00 kali kernel: ACPI: LAPIC_NMI (acpi_id[0x27] high edge lint[0x1])
2025-02-05T22:46:08.124570+01:00 kali kernel: ACPI: LAPIC_NMI (acpi_id[0x28] high edge lint[0x1])
2025-02-05T22:46:08.124571+01:00 kali kernel: ACPI: LAPIC_NMI (acpi_id[0x29] high edge lint[0x1])
2025-02-05T22:46:08.124571+01:00 kali kernel: ACPI: LAPIC_NMI (acpi_id[0x2a] high edge lint[0x1])
2025-02-05T22:46:08.124572+01:00 kali kernel: ACPI: LAPIC_NMI (acpi_id[0x2b] high edge lint[0x1])
2025-02-05T22:46:08.124578+01:00 kali kernel: ACPI: LAPIC_NMI (acpi_id[0x2c] high edge lint[0x1])
2025-02-05T22:46:08.143817+01:00 kali systemd[1]: Started rsyslog.service - System Logging Service.
2025-02-05T22:46:08.144412+01:00 kali kernel: ACPI: LAPIC_NMI (acpi_id[0x2d] high edge lint[0x1])
2025-02-05T22:46:08.144787+01:00 kali kernel: ACPI: LAPIC_NMI (acpi_id[0x2e] high edge lint[0x1])
2025-02-05T22:46:08.144824+01:00 kali kernel: ACPI: LAPIC_NMI (acpi_id[0x2f] high edge lint[0x1])
2025-02-05T22:46:08.144850+01:00 kali kernel: ACPI: LAPIC_NMI (acpi_id[0x30] high edge lint[0x1])
2025-02-05T22:46:08.144875+01:00 kali kernel: ACPI: LAPIC_NMI (acpi_id[0x31] high edge lint[0x1])
2025-02-05T22:46:08.144900+01:00 kali kernel: ACPI: LAPIC_NMI (acpi_id[0x32] high edge lint[0x1])
2025-02-05T22:46:08.144925+01:00 kali kernel: ACPI: LAPIC_NMI (acpi_id[0x33] high edge lint[0x1])
2025-02-05T22:46:08.144974+01:00 kali kernel: ACPI: LAPIC_NMI (acpi_id[0x34] high edge lint[0x1])
2025-02-05T22:46:08.145013+01:00 kali kernel: ACPI: LAPIC_NMI (acpi_id[0x35] high edge lint[0x1])
2025-02-05T22:46:08.145038+01:00 kali kernel: ACPI: LAPIC_NMI (acpi_id[0x36] high edge lint[0x1])
2025-02-05T22:46:08.145063+01:00 kali kernel: ACPI: LAPIC_NMI (acpi_id[0x37] high edge lint[0x1])
2025-02-05T22:46:08.145088+01:00 kali kernel: ACPI: LAPIC_NMI (acpi_id[0x38] high edge lint[0x1])
2025-02-05T22:46:08.145114+01:00 kali kernel: ACPI: LAPIC_NMI (acpi_id[0x39] high edge lint[0x1])
2025-02-05T22:46:08.145139+01:00 kali kernel: ACPI: LAPIC_NMI (acpi_id[0x3a] high edge lint[0x1])
2025-02-05T22:46:08.145169+01:00 kali kernel: ACPI: LAPIC_NMI (acpi_id[0x3b] high edge lint[0x1])
2025-02-05T22:46:08.145194+01:00 kali kernel: ACPI: LAPIC_NMI (acpi_id[0x3c] high edge lint[0x1])
2025-02-05T22:46:08.145219+01:00 kali kernel: ACPI: LAPIC_NMI (acpi_id[0x3d] high edge lint[0x1])
2025-02-05T22:46:08.145244+01:00 kali kernel: ACPI: LAPIC_NMI (acpi_id[0x3e] high edge lint[0x1])
2025-02-05T22:46:08.145269+01:00 kali kernel: ACPI: LAPIC_NMI (acpi_id[0x3f] high edge lint[0x1])
2025-02-05T22:46:08.145294+01:00 kali kernel: ACPI: LAPIC_NMI (acpi_id[0x40] high edge lint[0x1])
2025-02-05T22:46:08.145319+01:00 kali kernel: ACPI: LAPIC_NMI (acpi_id[0x41] high edge lint[0x1])
2025-02-05T22:46:08.145344+01:00 kali kernel: ACPI: LAPIC_NMI (acpi_id[0x42] high edge lint[0x1])
2025-02-05T22:46:08.145369+01:00 kali kernel: ACPI: LAPIC_NMI (acpi_id[0x43] high edge lint[0x1])
2025-02-05T22:46:08.145394+01:00 kali kernel: ACPI: LAPIC_NMI (acpi_id[0x44] high edge lint[0x1])
2025-02-05T22:46:08.145419+01:00 kali kernel: ACPI: LAPIC_NMI (acpi_id[0x45] high edge lint[0x1])
2025-02-05T22:46:08.145465+01:00 kali kernel: ACPI: LAPIC_NMI (acpi_id[0x46] high edge lint[0x1])
2025-02-05T22:46:08.145495+01:00 kali kernel: ACPI: LAPIC_NMI (acpi_id[0x47] high edge lint[0x1])
2025-02-05T22:46:08.145520+01:00 kali kernel: ACPI: LAPIC_NMI (acpi_id[0x48] high edge lint[0x1])
2025-02-05T22:46:08.145545+01:00 kali kernel: ACPI: LAPIC_NMI (acpi_id[0x49] high edge lint[0x1])
2025-02-05T22:46:08.145574+01:00 kali kernel: ACPI: LAPIC_NMI (acpi_id[0x4a] high edge lint[0x1])
2025-02-05T22:46:08.145599+01:00 kali kernel: ACPI: LAPIC_NMI (acpi_id[0x4b] high edge lint[0x1])
2025-02-05T22:46:08.145624+01:00 kali kernel: ACPI: LAPIC_NMI (acpi_id[0x4c] high edge lint[0x1])
2025-02-05T22:46:08.145780+01:00 kali kernel: ACPI: LAPIC_NMI (acpi_id[0x4d] high edge lint[0x1])
2025-02-05T22:46:08.145827+01:00 kali kernel: ACPI: LAPIC_NMI (acpi_id[0x4e] high edge lint[0x1])
2025-02-05T22:46:08.145854+01:00 kali kernel: ACPI: LAPIC_NMI (acpi_id[0x4f] high edge lint[0x1])
2025-02-05T22:46:08.145879+01:00 kali kernel: ACPI: LAPIC_NMI (acpi_id[0x50] high edge lint[0x1])
2025-02-05T22:46:08.145904+01:00 kali kernel: ACPI: LAPIC_NMI (acpi_id[0x51] high edge lint[0x1])
2025-02-05T22:46:08.145929+01:00 kali kernel: ACPI: LAPIC_NMI (acpi_id[0x52] high edge lint[0x1])
2025-02-05T22:46:08.146053+01:00 kali kernel: ACPI: LAPIC_NMI (acpi_id[0x53] high edge lint[0x1])
2025-02-05T22:46:08.146106+01:00 kali kernel: ACPI: LAPIC_NMI (acpi_id[0x54] high edge lint[0x1])
2025-02-05T22:46:08.146135+01:00 kali kernel: ACPI: LAPIC_NMI (acpi_id[0x55] high edge lint[0x1])
2025-02-05T22:46:08.146160+01:00 kali kernel: ACPI: LAPIC_NMI (acpi_id[0x56] high edge lint[0x1])
2025-02-05T22:46:08.146185+01:00 kali kernel: ACPI: LAPIC_NMI (acpi_id[0x57] high edge lint[0x1])
2025-02-05T22:46:08.146210+01:00 kali kernel: ACPI: LAPIC_NMI (acpi_id[0x58] high edge lint[0x1])
2025-02-05T22:46:08.146235+01:00 kali kernel: ACPI: LAPIC_NMI (acpi_id[0x59] high edge lint[0x1])
2025-02-05T22:46:08.146260+01:00 kali kernel: ACPI: LAPIC_NMI (acpi_id[0x5a] high edge lint[0x1])
2025-02-05T22:46:08.146285+01:00 kali kernel: ACPI: LAPIC_NMI (acpi_id[0x5b] high edge lint[0x1])
2025-02-05T22:46:08.146310+01:00 kali kernel: ACPI: LAPIC_NMI (acpi_id[0x5c] high edge lint[0x1])
2025-02-05T22:46:08.146335+01:00 kali kernel: ACPI: LAPIC_NMI (acpi_id[0x5d] high edge lint[0x1])
2025-02-05T22:46:08.146371+01:00 kali kernel: ACPI: LAPIC_NMI (acpi_id[0x5e] high edge lint[0x1])
2025-02-05T22:46:08.146396+01:00 kali kernel: ACPI: LAPIC_NMI (acpi_id[0x5f] high edge lint[0x1])
2025-02-05T22:46:08.146421+01:00 kali kernel: ACPI: LAPIC_NMI (acpi_id[0x60] high edge lint[0x1])
2025-02-05T22:46:08.146473+01:00 kali kernel: ACPI: LAPIC_NMI (acpi_id[0x61] high edge lint[0x1])
2025-02-05T22:46:08.146499+01:00 kali kernel: ACPI: LAPIC_NMI (acpi_id[0x62] high edge lint[0x1])
2025-02-05T22:46:08.146524+01:00 kali kernel: ACPI: LAPIC_NMI (acpi_id[0x63] high edge lint[0x1])
2025-02-05T22:46:08.146549+01:00 kali kernel: ACPI: LAPIC_NMI (acpi_id[0x64] high edge lint[0x1])
2025-02-05T22:46:08.146580+01:00 kali kernel: ACPI: LAPIC_NMI (acpi_id[0x65] high edge lint[0x1])
2025-02-05T22:46:08.146606+01:00 kali kernel: ACPI: LAPIC_NMI (acpi_id[0x66] high edge lint[0x1])
2025-02-05T22:46:08.146631+01:00 kali kernel: ACPI: LAPIC_NMI (acpi_id[0x67] high edge lint[0x1])
2025-02-05T22:46:08.146656+01:00 kali kernel: ACPI: LAPIC_NMI (acpi_id[0x68] high edge lint[0x1])
2025-02-05T22:46:08.146681+01:00 kali kernel: ACPI: LAPIC_NMI (acpi_id[0x69] high edge lint[0x1])
2025-02-05T22:46:08.146710+01:00 kali kernel: ACPI: LAPIC_NMI (acpi_id[0x6a] high edge lint[0x1])
2025-02-05T22:46:08.146735+01:00 kali kernel: ACPI: LAPIC_NMI (acpi_id[0x6b] high edge lint[0x1])
2025-02-05T22:46:08.146760+01:00 kali kernel: ACPI: LAPIC_NMI (acpi_id[0x6c] high edge lint[0x1])
2025-02-05T22:46:08.146785+01:00 kali kernel: ACPI: LAPIC_NMI (acpi_id[0x6d] high edge lint[0x1])
2025-02-05T22:46:08.146810+01:00 kali kernel: ACPI: LAPIC_NMI (acpi_id[0x6e] high edge lint[0x1])
2025-02-05T22:46:08.146835+01:00 kali kernel: ACPI: LAPIC_NMI (acpi_id[0x6f] high edge lint[0x1])
2025-02-05T22:46:08.146860+01:00 kali kernel: ACPI: LAPIC_NMI (acpi_id[0x70] high edge lint[0x1])
2025-02-05T22:46:08.146885+01:00 kali kernel: ACPI: LAPIC_NMI (acpi_id[0x71] high edge lint[0x1])
2025-02-05T22:46:08.146910+01:00 kali kernel: ACPI: LAPIC_NMI (acpi_id[0x72] high edge lint[0x1])
2025-02-05T22:46:08.147000+01:00 kali kernel: ACPI: LAPIC_NMI (acpi_id[0x73] high edge lint[0x1])
2025-02-05T22:46:08.147041+01:00 kali kernel: ACPI: LAPIC_NMI (acpi_id[0x74] high edge lint[0x1])
2025-02-05T22:46:08.147076+01:00 kali kernel: ACPI: LAPIC_NMI (acpi_id[0x75] high edge lint[0x1])
2025-02-05T22:46:08.147111+01:00 kali kernel: ACPI: LAPIC_NMI (acpi_id[0x76] high edge lint[0x1])
2025-02-05T22:46:08.147146+01:00 kali kernel: ACPI: LAPIC_NMI (acpi_id[0x77] high edge lint[0x1])
2025-02-05T22:46:08.147182+01:00 kali kernel: ACPI: LAPIC_NMI (acpi_id[0x78] high edge lint[0x1])
2025-02-05T22:46:08.147218+01:00 kali kernel: ACPI: LAPIC_NMI (acpi_id[0x79] high edge lint[0x1])
2025-02-05T22:46:08.147257+01:00 kali kernel: ACPI: LAPIC_NMI (acpi_id[0x7a] high edge lint[0x1])
2025-02-05T22:46:08.147295+01:00 kali kernel: ACPI: LAPIC_NMI (acpi_id[0x7b] high edge lint[0x1])
2025-02-05T22:46:08.147332+01:00 kali kernel: ACPI: LAPIC_NMI (acpi_id[0x7c] high edge lint[0x1])
2025-02-05T22:46:08.147367+01:00 kali kernel: ACPI: LAPIC_NMI (acpi_id[0x7d] high edge lint[0x1])
2025-02-05T22:46:08.147405+01:00 kali kernel: ACPI: LAPIC_NMI (acpi_id[0x7e] high edge lint[0x1])
2025-02-05T22:46:08.147481+01:00 kali kernel: ACPI: LAPIC_NMI (acpi_id[0x7f] high edge lint[0x1])
2025-02-05T22:46:08.147523+01:00 kali kernel: IOAPIC[0]: apic_id 1, version 32, address 0xfec00000, GSI 0-23
2025-02-05T22:46:08.147569+01:00 kali kernel: ACPI: INT_SRC_OVR (bus 0 bus_irq 0 global_irq 2 high edge)
2025-02-05T22:46:08.147609+01:00 kali kernel: ACPI: Using ACPI (MADT) for SMP configuration information
2025-02-05T22:46:08.147651+01:00 kali kernel: ACPI: HPET id: 0x8086af01 base: 0xfed00000
2025-02-05T22:46:08.147678+01:00 kali kernel: TSC deadline timer available
2025-02-05T22:46:08.147704+01:00 kali kernel: CPU topo: Max. logical packages: 128
2025-02-05T22:46:08.147729+01:00 kali kernel: CPU topo: Max. logical dies:     128
2025-02-05T22:46:08.147754+01:00 kali kernel: CPU topo: Max. dies per package:   1
2025-02-05T22:46:08.147779+01:00 kali kernel: CPU topo: Max. threads per core:   1
2025-02-05T22:46:08.147816+01:00 kali kernel: CPU topo: Num. cores per package:     1
2025-02-05T22:46:08.147845+01:00 kali kernel: CPU topo: Num. threads per package:   1
2025-02-05T22:46:08.147870+01:00 kali kernel: CPU topo: Allowing 2 present CPUs plus 126 hotplug CPUs
2025-02-05T22:46:08.147895+01:00 kali kernel: PM: hibernation: Registered nosave memory: [mem 0x00000000-0x00000fff]
2025-02-05T22:46:08.147911+01:00 kali kernel: PM: hibernation: Registered nosave memory: [mem 0x0009e000-0x0009efff]
2025-02-05T22:46:08.147913+01:00 kali kernel: PM: hibernation: Registered nosave memory: [mem 0x0009f000-0x0009ffff]
2025-02-05T22:46:08.147914+01:00 kali kernel: PM: hibernation: Registered nosave memory: [mem 0x000a0000-0x000dbfff]
2025-02-05T22:46:08.147914+01:00 kali kernel: PM: hibernation: Registered nosave memory: [mem 0x000dc000-0x000fffff]
2025-02-05T22:46:08.147915+01:00 kali kernel: PM: hibernation: Registered nosave memory: [mem 0x7fee0000-0x7fefefff]
2025-02-05T22:46:08.147915+01:00 kali kernel: PM: hibernation: Registered nosave memory: [mem 0x7feff000-0x7fefffff]
2025-02-05T22:46:08.147916+01:00 kali kernel: [mem 0x80000000-0xefffffff] available for PCI devices
2025-02-05T22:46:08.147917+01:00 kali kernel: Booting paravirtualized kernel on VMware hypervisor
2025-02-05T22:46:08.147917+01:00 kali kernel: clocksource: refined-jiffies: mask: 0xffffffff max_cycles: 0xffffffff, max_idle_ns: 7645519600211568 ns
2025-02-05T22:46:08.147918+01:00 kali kernel: setup_percpu: NR_CPUS:8192 nr_cpumask_bits:128 nr_cpu_ids:128 nr_node_ids:1
2025-02-05T22:46:08.147919+01:00 kali kernel: percpu: Embedded 66 pages/cpu s233472 r8192 d28672 u524288
2025-02-05T22:46:08.147919+01:00 kali kernel: pcpu-alloc: s233472 r8192 d28672 u524288 alloc=1*2097152
2025-02-05T22:46:08.147920+01:00 kali kernel: pcpu-alloc: [0] 000 001 002 003 [0] 004 005 006 007 
2025-02-05T22:46:08.147921+01:00 kali kernel: pcpu-alloc: [0] 008 009 010 011 [0] 012 013 014 015 
2025-02-05T22:46:08.147921+01:00 kali kernel: pcpu-alloc: [0] 016 017 018 019 [0] 020 021 022 023 
2025-02-05T22:46:08.147922+01:00 kali kernel: pcpu-alloc: [0] 024 025 026 027 [0] 028 029 030 031 
2025-02-05T22:46:08.147923+01:00 kali kernel: pcpu-alloc: [0] 032 033 034 035 [0] 036 037 038 039 
2025-02-05T22:46:08.166658+01:00 kali kernel: pcpu-alloc: [0] 040 041 042 043 [0] 044 045 046 047 
2025-02-05T22:46:08.166706+01:00 kali kernel: pcpu-alloc: [0] 048 049 050 051 [0] 052 053 054 055 
2025-02-05T22:46:08.166708+01:00 kali kernel: pcpu-alloc: [0] 056 057 058 059 [0] 060 061 062 063 
2025-02-05T22:46:08.166709+01:00 kali kernel: pcpu-alloc: [0] 064 065 066 067 [0] 068 069 070 071 
2025-02-05T22:46:08.166710+01:00 kali kernel: pcpu-alloc: [0] 072 073 074 075 [0] 076 077 078 079 
2025-02-05T22:46:08.166710+01:00 kali kernel: pcpu-alloc: [0] 080 081 082 083 [0] 084 085 086 087 
2025-02-05T22:46:08.166711+01:00 kali kernel: pcpu-alloc: [0] 088 089 090 091 [0] 092 093 094 095 
2025-02-05T22:46:08.166712+01:00 kali kernel: pcpu-alloc: [0] 096 097 098 099 [0] 100 101 102 103 
2025-02-05T22:46:08.166712+01:00 kali kernel: pcpu-alloc: [0] 104 105 106 107 [0] 108 109 110 111 
2025-02-05T22:46:08.166713+01:00 kali kernel: pcpu-alloc: [0] 112 113 114 115 [0] 116 117 118 119 
2025-02-05T22:46:08.166714+01:00 kali kernel: pcpu-alloc: [0] 120 121 122 123 [0] 124 125 126 127 
2025-02-05T22:46:08.166715+01:00 kali kernel: Kernel command line: BOOT_IMAGE=/boot/vmlinuz-6.11.2-amd64 root=UUID=cb443310-558f-4e02-8575-ebebe0d1f124 ro quiet splash
2025-02-05T22:46:08.166716+01:00 kali kernel: Unknown kernel command line parameters "splash BOOT_IMAGE=/boot/vmlinuz-6.11.2-amd64", will be passed to user space.
2025-02-05T22:46:08.166716+01:00 kali kernel: random: crng init done
2025-02-05T22:46:08.166717+01:00 kali kernel: printk: log_buf_len individual max cpu contribution: 4096 bytes
2025-02-05T22:46:08.166718+01:00 kali kernel: printk: log_buf_len total cpu_extra contributions: 520192 bytes
2025-02-05T22:46:08.166718+01:00 kali kernel: printk: log_buf_len min size: 131072 bytes
2025-02-05T22:46:08.166719+01:00 kali kernel: printk: log_buf_len: 1048576 bytes
2025-02-05T22:46:08.166720+01:00 kali kernel: printk: early log buf free: 107992(82%)
2025-02-05T22:46:08.166720+01:00 kali kernel: Dentry cache hash table entries: 262144 (order: 9, 2097152 bytes, linear)
2025-02-05T22:46:08.166721+01:00 kali kernel: Inode-cache hash table entries: 131072 (order: 8, 1048576 bytes, linear)
2025-02-05T22:46:08.166722+01:00 kali kernel: Fallback order for Node 0: 0 
2025-02-05T22:46:08.166722+01:00 kali kernel: Built 1 zonelists, mobility grouping on.  Total pages: 524157
2025-02-05T22:46:08.166723+01:00 kali kernel: Policy zone: DMA32
2025-02-05T22:46:08.166724+01:00 kali kernel: mem auto-init: stack:all(zero), heap alloc:on, heap free:off
2025-02-05T22:46:08.166724+01:00 kali kernel: software IO TLB: area num 128.
2025-02-05T22:46:08.166725+01:00 kali kernel: SLUB: HWalign=64, Order=0-3, MinObjects=0, CPUs=128, Nodes=1
2025-02-05T22:46:08.166726+01:00 kali kernel: Kernel/User page tables isolation: enabled
2025-02-05T22:46:08.166726+01:00 kali kernel: ftrace: allocating 45222 entries in 177 pages
2025-02-05T22:46:08.166727+01:00 kali kernel: ftrace: allocated 177 pages with 4 groups
2025-02-05T22:46:08.166728+01:00 kali kernel: Dynamic Preempt: voluntary
2025-02-05T22:46:08.166728+01:00 kali kernel: rcu: Preemptible hierarchical RCU implementation.
2025-02-05T22:46:08.166729+01:00 kali kernel: rcu:      RCU restricting CPUs from NR_CPUS=8192 to nr_cpu_ids=128.
2025-02-05T22:46:08.166730+01:00 kali kernel:   Trampoline variant of Tasks RCU enabled.
2025-02-05T22:46:08.166730+01:00 kali kernel:   Rude variant of Tasks RCU enabled.
2025-02-05T22:46:08.166731+01:00 kali kernel:   Tracing variant of Tasks RCU enabled.
2025-02-05T22:46:08.166732+01:00 kali kernel: rcu: RCU calculated value of scheduler-enlistment delay is 25 jiffies.
2025-02-05T22:46:08.166732+01:00 kali kernel: rcu: Adjusting geometry for rcu_fanout_leaf=16, nr_cpu_ids=128
2025-02-05T22:46:08.166733+01:00 kali kernel: RCU Tasks: Setting shift to 7 and lim to 1 rcu_task_cb_adjust=1.
2025-02-05T22:46:08.166734+01:00 kali kernel: RCU Tasks Rude: Setting shift to 7 and lim to 1 rcu_task_cb_adjust=1.
2025-02-05T22:46:08.166734+01:00 kali kernel: RCU Tasks Trace: Setting shift to 7 and lim to 1 rcu_task_cb_adjust=1.
2025-02-05T22:46:08.166735+01:00 kali kernel: NR_IRQS: 524544, nr_irqs: 1448, preallocated irqs: 16
2025-02-05T22:46:08.166736+01:00 kali kernel: rcu: srcu_init: Setting srcu_struct sizes to big.
2025-02-05T22:46:08.166736+01:00 kali kernel: Console: colour VGA+ 80x25
2025-02-05T22:46:08.166737+01:00 kali kernel: printk: legacy console [tty0] enabled
2025-02-05T22:46:08.166738+01:00 kali kernel: ACPI: Core revision 20240322
2025-02-05T22:46:08.166738+01:00 kali kernel: clocksource: hpet: mask: 0xffffffff max_cycles: 0xffffffff, max_idle_ns: 133484882848 ns
2025-02-05T22:46:08.166739+01:00 kali kernel: APIC: Switch to symmetric I/O mode setup
2025-02-05T22:46:08.166740+01:00 kali kernel: x2apic enabled
2025-02-05T22:46:08.166740+01:00 kali kernel: APIC: Switched APIC routing to: physical x2apic
2025-02-05T22:46:08.166741+01:00 kali kernel: ..TIMER: vector=0x30 apic1=0 pin1=2 apic2=-1 pin2=-1
2025-02-05T22:46:08.166742+01:00 kali kernel: clocksource: tsc-early: mask: 0xffffffffffffffff max_cycles: 0x27178b08c6b, max_idle_ns: 440795285792 ns
2025-02-05T22:46:08.166742+01:00 kali kernel: Calibrating delay loop (skipped) preset value.. 5424.01 BogoMIPS (lpj=10848020)
2025-02-05T22:46:08.166743+01:00 kali kernel: Disabled fast string operations
2025-02-05T22:46:08.166744+01:00 kali kernel: Last level iTLB entries: 4KB 64, 2MB 8, 4MB 8
2025-02-05T22:46:08.166744+01:00 kali kernel: Last level dTLB entries: 4KB 64, 2MB 0, 4MB 0, 1GB 4
2025-02-05T22:46:08.166745+01:00 kali kernel: Spectre V1 : Mitigation: usercopy/swapgs barriers and __user pointer sanitization
2025-02-05T22:46:08.166746+01:00 kali kernel: Spectre V2 : Spectre BHI mitigation: SW BHB clearing on syscall and VM exit
2025-02-05T22:46:08.166747+01:00 kali kernel: Spectre V2 : Mitigation: IBRS
2025-02-05T22:46:08.166747+01:00 kali kernel: Spectre V2 : Spectre v2 / SpectreRSB mitigation: Filling RSB on context switch
2025-02-05T22:46:08.166748+01:00 kali kernel: Spectre V2 : Spectre v2 / SpectreRSB : Filling RSB on VMEXIT
2025-02-05T22:46:08.166749+01:00 kali kernel: RETBleed: Mitigation: IBRS
2025-02-05T22:46:08.166749+01:00 kali kernel: Spectre V2 : mitigation: Enabling conditional Indirect Branch Prediction Barrier
2025-02-05T22:46:08.166750+01:00 kali kernel: Speculative Store Bypass: Mitigation: Speculative Store Bypass disabled via prctl
2025-02-05T22:46:08.166750+01:00 kali kernel: MDS: Mitigation: Clear CPU buffers
2025-02-05T22:46:08.166751+01:00 kali kernel: MMIO Stale Data: Mitigation: Clear CPU buffers
2025-02-05T22:46:08.166752+01:00 kali kernel: SRBDS: Unknown: Dependent on hypervisor status
2025-02-05T22:46:08.166752+01:00 kali kernel: GDS: Unknown: Dependent on hypervisor status
2025-02-05T22:46:08.166753+01:00 kali kernel: x86/fpu: Supporting XSAVE feature 0x001: 'x87 floating point registers'
2025-02-05T22:46:08.166754+01:00 kali kernel: x86/fpu: Supporting XSAVE feature 0x002: 'SSE registers'
2025-02-05T22:46:08.166754+01:00 kali kernel: x86/fpu: Supporting XSAVE feature 0x004: 'AVX registers'
2025-02-05T22:46:08.166755+01:00 kali kernel: x86/fpu: xstate_offset[2]:  576, xstate_sizes[2]:  256
2025-02-05T22:46:08.166756+01:00 kali kernel: x86/fpu: Enabled xstate features 0x7, context size is 832 bytes, using 'compacted' format.
2025-02-05T22:46:08.166757+01:00 kali kernel: Freeing SMP alternatives memory: 40K
2025-02-05T22:46:08.166757+01:00 kali kernel: pid_max: default: 131072 minimum: 1024
2025-02-05T22:46:08.166758+01:00 kali kernel: LSM: initializing lsm=lockdown,capability,landlock,yama,apparmor,tomoyo,bpf,ima,evm
2025-02-05T22:46:08.166759+01:00 kali kernel: landlock: Up and running.
2025-02-05T22:46:08.166759+01:00 kali kernel: Yama: disabled by default; enable with sysctl kernel.yama.*
2025-02-05T22:46:08.166760+01:00 kali kernel: AppArmor: AppArmor initialized
2025-02-05T22:46:08.166761+01:00 kali kernel: TOMOYO Linux initialized
2025-02-05T22:46:08.166761+01:00 kali kernel: LSM support for eBPF active
2025-02-05T22:46:08.166762+01:00 kali kernel: Mount-cache hash table entries: 4096 (order: 3, 32768 bytes, linear)
2025-02-05T22:46:08.166762+01:00 kali kernel: Mountpoint-cache hash table entries: 4096 (order: 3, 32768 bytes, linear)
2025-02-05T22:46:08.166763+01:00 kali kernel: smpboot: CPU0: Intel(R) Core(TM) i5-7200U CPU @ 2.50GHz (family: 0x6, model: 0x8e, stepping: 0x9)
2025-02-05T22:46:08.166764+01:00 kali kernel: Performance Events: Skylake events, core PMU driver.
2025-02-05T22:46:08.166765+01:00 kali kernel: core: CPUID marked event: 'cpu cycles' unavailable
2025-02-05T22:46:08.166765+01:00 kali kernel: core: CPUID marked event: 'instructions' unavailable
2025-02-05T22:46:08.166766+01:00 kali kernel: core: CPUID marked event: 'bus cycles' unavailable
2025-02-05T22:46:08.166767+01:00 kali kernel: core: CPUID marked event: 'cache references' unavailable
2025-02-05T22:46:08.166787+01:00 kali kernel: core: CPUID marked event: 'cache misses' unavailable
2025-02-05T22:46:08.166789+01:00 kali kernel: core: CPUID marked event: 'branch instructions' unavailable
2025-02-05T22:46:08.166789+01:00 kali kernel: core: CPUID marked event: 'branch misses' unavailable
2025-02-05T22:46:08.166790+01:00 kali kernel: ... version:                1
2025-02-05T22:46:08.166791+01:00 kali kernel: ... bit width:              48
2025-02-05T22:46:08.166791+01:00 kali kernel: ... generic registers:      4
2025-02-05T22:46:08.166792+01:00 kali kernel: ... value mask:             0000ffffffffffff
2025-02-05T22:46:08.166793+01:00 kali kernel: ... max period:             000000007fffffff
2025-02-05T22:46:08.166793+01:00 kali kernel: ... fixed-purpose events:   0
2025-02-05T22:46:08.166794+01:00 kali kernel: ... event mask:             000000000000000f
2025-02-05T22:46:08.166795+01:00 kali kernel: signal: max sigframe size: 1776
2025-02-05T22:46:08.166795+01:00 kali kernel: rcu: Hierarchical SRCU implementation.
2025-02-05T22:46:08.166796+01:00 kali kernel: rcu:      Max phase no-delay instances is 1000.
2025-02-05T22:46:08.166797+01:00 kali kernel: Timer migration: 3 hierarchy levels; 8 children per group; 3 crossnode level
2025-02-05T22:46:08.166797+01:00 kali kernel: NMI watchdog: Perf NMI watchdog permanently disabled
2025-02-05T22:46:08.166798+01:00 kali kernel: smp: Bringing up secondary CPUs ...
2025-02-05T22:46:08.166799+01:00 kali kernel: smpboot: x86: Booting SMP configuration:
2025-02-05T22:46:08.166800+01:00 kali kernel: .... node  #0, CPUs:          #1
2025-02-05T22:46:08.166800+01:00 kali kernel: Disabled fast string operations
2025-02-05T22:46:08.166801+01:00 kali kernel: smp: Brought up 1 node, 2 CPUs
2025-02-05T22:46:08.166802+01:00 kali kernel: smpboot: Total of 2 processors activated (10848.02 BogoMIPS)
2025-02-05T22:46:08.166802+01:00 kali kernel: node 0 deferred pages initialised in 4ms
2025-02-05T22:46:08.166803+01:00 kali kernel: Memory: 1779244K/2096628K available (16384K kernel code, 2431K rwdata, 11272K rodata, 4056K init, 5216K bss, 307124K reserved, 0K cma-reserved)
2025-02-05T22:46:08.166804+01:00 kali kernel: devtmpfs: initialized
2025-02-05T22:46:08.166804+01:00 kali kernel: x86/mm: Memory block size: 128MB
2025-02-05T22:46:08.166935+01:00 kali kernel: ACPI: PM: Registering ACPI NVS region [mem 0x7feff000-0x7fefffff] (4096 bytes)
2025-02-05T22:46:08.166939+01:00 kali kernel: clocksource: jiffies: mask: 0xffffffff max_cycles: 0xffffffff, max_idle_ns: 7645041785100000 ns
2025-02-05T22:46:08.166940+01:00 kali kernel: futex hash table entries: 32768 (order: 9, 2097152 bytes, linear)
2025-02-05T22:46:08.166941+01:00 kali kernel: pinctrl core: initialized pinctrl subsystem
2025-02-05T22:46:08.166942+01:00 kali kernel: NET: Registered PF_NETLINK/PF_ROUTE protocol family
2025-02-05T22:46:08.166943+01:00 kali kernel: DMA: preallocated 256 KiB GFP_KERNEL pool for atomic allocations
2025-02-05T22:46:08.166943+01:00 kali kernel: DMA: preallocated 256 KiB GFP_KERNEL|GFP_DMA pool for atomic allocations
2025-02-05T22:46:08.166944+01:00 kali kernel: DMA: preallocated 256 KiB GFP_KERNEL|GFP_DMA32 pool for atomic allocations
2025-02-05T22:46:08.166945+01:00 kali kernel: audit: initializing netlink subsys (disabled)
2025-02-05T22:46:08.166945+01:00 kali kernel: audit: type=2000 audit(1738767766.048:1): state=initialized audit_enabled=0 res=1
2025-02-05T22:46:08.166946+01:00 kali kernel: thermal_sys: Registered thermal governor 'fair_share'
2025-02-05T22:46:08.166947+01:00 kali kernel: thermal_sys: Registered thermal governor 'bang_bang'
2025-02-05T22:46:08.166947+01:00 kali kernel: thermal_sys: Registered thermal governor 'step_wise'
2025-02-05T22:46:08.166948+01:00 kali kernel: thermal_sys: Registered thermal governor 'user_space'
2025-02-05T22:46:08.166949+01:00 kali kernel: thermal_sys: Registered thermal governor 'power_allocator'
2025-02-05T22:46:08.166949+01:00 kali kernel: cpuidle: using governor ladder
2025-02-05T22:46:08.166950+01:00 kali kernel: cpuidle: using governor menu
2025-02-05T22:46:08.166951+01:00 kali kernel: Simple Boot Flag at 0x36 set to 0x80
2025-02-05T22:46:08.166952+01:00 kali kernel: acpiphp: ACPI Hot Plug PCI Controller Driver version: 0.5
2025-02-05T22:46:08.166952+01:00 kali kernel: PCI: ECAM [mem 0xf0000000-0xf7ffffff] (base 0xf0000000) for domain 0000 [bus 00-7f]
2025-02-05T22:46:08.166953+01:00 kali kernel: PCI: Using configuration type 1 for base access
2025-02-05T22:46:08.166953+01:00 kali kernel: kprobes: kprobe jump-optimization is enabled. All kprobes are optimized if possible.
2025-02-05T22:46:08.166981+01:00 kali kernel: HugeTLB: registered 1.00 GiB page size, pre-allocated 0 pages
2025-02-05T22:46:08.166983+01:00 kali kernel: HugeTLB: 16380 KiB vmemmap can be freed for a 1.00 GiB page
2025-02-05T22:46:08.166988+01:00 kali kernel: HugeTLB: registered 2.00 MiB page size, pre-allocated 0 pages
2025-02-05T22:46:08.166989+01:00 kali kernel: HugeTLB: 28 KiB vmemmap can be freed for a 2.00 MiB page
2025-02-05T22:46:08.166989+01:00 kali kernel: ACPI: Added _OSI(Module Device)
2025-02-05T22:46:08.166990+01:00 kali kernel: ACPI: Added _OSI(Processor Device)
2025-02-05T22:46:08.166991+01:00 kali kernel: ACPI: Added _OSI(3.0 _SCP Extensions)
2025-02-05T22:46:08.166995+01:00 kali kernel: ACPI: Added _OSI(Processor Aggregator Device)
2025-02-05T22:46:08.166996+01:00 kali kernel: ACPI: 1 ACPI AML tables successfully acquired and loaded
2025-02-05T22:46:08.166997+01:00 kali kernel: ACPI: [Firmware Bug]: BIOS _OSI(Linux) query ignored
2025-02-05T22:46:08.166997+01:00 kali kernel: ACPI: Interpreter enabled
2025-02-05T22:46:08.166998+01:00 kali kernel: ACPI: PM: (supports S0 S1 S4 S5)
2025-02-05T22:46:08.166998+01:00 kali kernel: ACPI: Using IOAPIC for interrupt routing
2025-02-05T22:46:08.167002+01:00 kali kernel: PCI: Using host bridge windows from ACPI; if necessary, use "pci=nocrs" and report a bug
2025-02-05T22:46:08.167003+01:00 kali kernel: PCI: Using E820 reservations for host bridge windows
2025-02-05T22:46:08.167004+01:00 kali kernel: ACPI: Enabled 4 GPEs in block 00 to 0F
2025-02-05T22:46:08.167004+01:00 kali kernel: ACPI: PCI Root Bridge [PCI0] (domain 0000 [bus 00-7f])
2025-02-05T22:46:08.167005+01:00 kali kernel: acpi PNP0A03:00: _OSC: OS supports [ExtendedConfig ASPM ClockPM Segments MSI HPX-Type3]
2025-02-05T22:46:08.167006+01:00 kali kernel: acpi PNP0A03:00: _OSC: platform does not support [AER LTR]
2025-02-05T22:46:08.167010+01:00 kali kernel: acpi PNP0A03:00: _OSC: OS now controls [PCIeHotplug SHPCHotplug PME PCIeCapability]
2025-02-05T22:46:08.167010+01:00 kali kernel: PCI host bridge to bus 0000:00
2025-02-05T22:46:08.167011+01:00 kali kernel: pci_bus 0000:00: root bus resource [mem 0x000a0000-0x000bffff window]
2025-02-05T22:46:08.167012+01:00 kali kernel: pci_bus 0000:00: root bus resource [mem 0x000d0000-0x000dbfff window]
2025-02-05T22:46:08.167012+01:00 kali kernel: pci_bus 0000:00: root bus resource [mem 0xc0000000-0xfebfffff window]
2025-02-05T22:46:08.167013+01:00 kali kernel: pci_bus 0000:00: root bus resource [io  0x0000-0x0cf7 window]
2025-02-05T22:46:08.167014+01:00 kali kernel: pci_bus 0000:00: root bus resource [io  0x0d00-0xfeff window]
2025-02-05T22:46:08.167017+01:00 kali kernel: pci_bus 0000:00: root bus resource [bus 00-7f]
2025-02-05T22:46:08.167017+01:00 kali kernel: pci 0000:00:00.0: [8086:7190] type 00 class 0x060000 conventional PCI endpoint
2025-02-05T22:46:08.167018+01:00 kali kernel: pci 0000:00:01.0: [8086:7191] type 01 class 0x060400 conventional PCI bridge
2025-02-05T22:46:08.167019+01:00 kali kernel: pci 0000:00:01.0: PCI bridge to [bus 01]
2025-02-05T22:46:08.167019+01:00 kali kernel: pci 0000:00:07.0: [8086:7110] type 00 class 0x060100 conventional PCI endpoint
2025-02-05T22:46:08.167020+01:00 kali kernel: pci 0000:00:07.1: [8086:7111] type 00 class 0x01018a conventional PCI endpoint
2025-02-05T22:46:08.167023+01:00 kali kernel: pci 0000:00:07.1: BAR 4 [io  0x1060-0x106f]
2025-02-05T22:46:08.167024+01:00 kali kernel: pci 0000:00:07.1: BAR 0 [io  0x01f0-0x01f7]: legacy IDE quirk
2025-02-05T22:46:08.167024+01:00 kali kernel: pci 0000:00:07.1: BAR 1 [io  0x03f6]: legacy IDE quirk
2025-02-05T22:46:08.167025+01:00 kali kernel: pci 0000:00:07.1: BAR 2 [io  0x0170-0x0177]: legacy IDE quirk
2025-02-05T22:46:08.167026+01:00 kali kernel: pci 0000:00:07.1: BAR 3 [io  0x0376]: legacy IDE quirk
2025-02-05T22:46:08.167026+01:00 kali kernel: pci 0000:00:07.3: [8086:7113] type 00 class 0x068000 conventional PCI endpoint
2025-02-05T22:46:08.167027+01:00 kali kernel: pci 0000:00:07.3: quirk: [io  0x1000-0x103f] claimed by PIIX4 ACPI
2025-02-05T22:46:08.167054+01:00 kali kernel: pci 0000:00:07.3: quirk: [io  0x1040-0x104f] claimed by PIIX4 SMB
2025-02-05T22:46:08.167057+01:00 kali kernel: pci 0000:00:07.7: [15ad:0740] type 00 class 0x088000 conventional PCI endpoint
2025-02-05T22:46:08.167057+01:00 kali kernel: pci 0000:00:07.7: BAR 0 [io  0x1080-0x10bf]
2025-02-05T22:46:08.167058+01:00 kali kernel: pci 0000:00:07.7: BAR 1 [mem 0xfebc0000-0xfebfffff 64bit]
2025-02-05T22:46:08.167059+01:00 kali kernel: pci 0000:00:0f.0: [15ad:0405] type 00 class 0x030000 conventional PCI endpoint
2025-02-05T22:46:08.167059+01:00 kali kernel: pci 0000:00:0f.0: BAR 0 [io  0x1070-0x107f]
2025-02-05T22:46:08.167064+01:00 kali kernel: pci 0000:00:0f.0: BAR 1 [mem 0xe8000000-0xefffffff pref]
2025-02-05T22:46:08.167067+01:00 kali kernel: pci 0000:00:0f.0: BAR 2 [mem 0xfe000000-0xfe7fffff]
2025-02-05T22:46:08.167104+01:00 kali kernel: pci 0000:00:0f.0: ROM [mem 0x00000000-0x00007fff pref]
2025-02-05T22:46:08.167106+01:00 kali kernel: pci 0000:00:0f.0: Video device with shadowed ROM at [mem 0x000c0000-0x000dffff]
2025-02-05T22:46:08.167106+01:00 kali kernel: pci 0000:00:10.0: [1000:0030] type 00 class 0x010000 conventional PCI endpoint
2025-02-05T22:46:08.167107+01:00 kali kernel: pci 0000:00:10.0: BAR 0 [io  0x1400-0x14ff]
2025-02-05T22:46:08.167112+01:00 kali kernel: pci 0000:00:10.0: BAR 1 [mem 0xfeb80000-0xfeb9ffff 64bit]
2025-02-05T22:46:08.167113+01:00 kali kernel: pci 0000:00:10.0: BAR 3 [mem 0xfeba0000-0xfebbffff 64bit]
2025-02-05T22:46:08.167113+01:00 kali kernel: pci 0000:00:10.0: ROM [mem 0x00000000-0x00003fff pref]
2025-02-05T22:46:08.167114+01:00 kali kernel: pci 0000:00:11.0: [15ad:0790] type 01 class 0x060401 conventional PCI bridge
2025-02-05T22:46:08.167115+01:00 kali kernel: pci 0000:00:11.0: PCI bridge to [bus 02] (subtractive decode)
2025-02-05T22:46:08.167115+01:00 kali kernel: pci 0000:00:11.0:   bridge window [io  0x2000-0x3fff]
2025-02-05T22:46:08.167116+01:00 kali kernel: pci 0000:00:11.0:   bridge window [mem 0xfd500000-0xfdffffff]
2025-02-05T22:46:08.167128+01:00 kali kernel: pci 0000:00:11.0:   bridge window [mem 0xe7b00000-0xe7ffffff 64bit pref]
2025-02-05T22:46:08.167129+01:00 kali kernel: pci 0000:00:15.0: [15ad:07a0] type 01 class 0x060400 PCIe Root Port
2025-02-05T22:46:08.167130+01:00 kali kernel: pci 0000:00:15.0: PCI bridge to [bus 03]
2025-02-05T22:46:08.167130+01:00 kali kernel: pci 0000:00:15.0:   bridge window [io  0x4000-0x4fff]
2025-02-05T22:46:08.167131+01:00 kali kernel: pci 0000:00:15.0:   bridge window [mem 0xfd400000-0xfd4fffff]
2025-02-05T22:46:08.167132+01:00 kali kernel: pci 0000:00:15.0:   bridge window [mem 0xe7a00000-0xe7afffff 64bit pref]
2025-02-05T22:46:08.167154+01:00 kali kernel: pci 0000:00:15.0: PME# supported from D0 D3hot D3cold
2025-02-05T22:46:08.167156+01:00 kali kernel: pci 0000:00:15.1: [15ad:07a0] type 01 class 0x060400 PCIe Root Port
2025-02-05T22:46:08.167156+01:00 kali kernel: pci 0000:00:15.1: PCI bridge to [bus 04]
2025-02-05T22:46:08.167157+01:00 kali kernel: pci 0000:00:15.1:   bridge window [io  0x8000-0x8fff]
2025-02-05T22:46:08.167158+01:00 kali kernel: pci 0000:00:15.1:   bridge window [mem 0xfd000000-0xfd0fffff]
2025-02-05T22:46:08.167158+01:00 kali kernel: pci 0000:00:15.1:   bridge window [mem 0xe7600000-0xe76fffff 64bit pref]
2025-02-05T22:46:08.167159+01:00 kali kernel: pci 0000:00:15.1: PME# supported from D0 D3hot D3cold
2025-02-05T22:46:08.167166+01:00 kali kernel: pci 0000:00:15.2: [15ad:07a0] type 01 class 0x060400 PCIe Root Port
2025-02-05T22:46:08.167167+01:00 kali kernel: pci 0000:00:15.2: PCI bridge to [bus 05]
2025-02-05T22:46:08.167168+01:00 kali kernel: pci 0000:00:15.2:   bridge window [io  0xc000-0xcfff]
2025-02-05T22:46:08.167168+01:00 kali kernel: pci 0000:00:15.2:   bridge window [mem 0xfcc00000-0xfccfffff]
2025-02-05T22:46:08.167169+01:00 kali kernel: pci 0000:00:15.2:   bridge window [mem 0xe7200000-0xe72fffff 64bit pref]
2025-02-05T22:46:08.167169+01:00 kali kernel: pci 0000:00:15.2: PME# supported from D0 D3hot D3cold
2025-02-05T22:46:08.167175+01:00 kali kernel: pci 0000:00:15.3: [15ad:07a0] type 01 class 0x060400 PCIe Root Port
2025-02-05T22:46:08.167176+01:00 kali kernel: pci 0000:00:15.3: PCI bridge to [bus 06]
2025-02-05T22:46:08.167176+01:00 kali kernel: pci 0000:00:15.3:   bridge window [mem 0xfc800000-0xfc8fffff]
2025-02-05T22:46:08.167177+01:00 kali kernel: pci 0000:00:15.3:   bridge window [mem 0xe6e00000-0xe6efffff 64bit pref]
2025-02-05T22:46:08.167178+01:00 kali kernel: pci 0000:00:15.3: PME# supported from D0 D3hot D3cold
2025-02-05T22:46:08.167302+01:00 kali kernel: pci 0000:00:15.4: [15ad:07a0] type 01 class 0x060400 PCIe Root Port
2025-02-05T22:46:08.167314+01:00 kali kernel: pci 0000:00:15.4: PCI bridge to [bus 07]
2025-02-05T22:46:08.167315+01:00 kali kernel: pci 0000:00:15.4:   bridge window [mem 0xfc400000-0xfc4fffff]
2025-02-05T22:46:08.167316+01:00 kali kernel: pci 0000:00:15.4:   bridge window [mem 0xe6a00000-0xe6afffff 64bit pref]
2025-02-05T22:46:08.167317+01:00 kali kernel: pci 0000:00:15.4: PME# supported from D0 D3hot D3cold
2025-02-05T22:46:08.167317+01:00 kali kernel: pci 0000:00:15.5: [15ad:07a0] type 01 class 0x060400 PCIe Root Port
2025-02-05T22:46:08.167318+01:00 kali kernel: pci 0000:00:15.5: PCI bridge to [bus 08]
2025-02-05T22:46:08.167318+01:00 kali kernel: pci 0000:00:15.5:   bridge window [mem 0xfc000000-0xfc0fffff]
2025-02-05T22:46:08.167324+01:00 kali kernel: pci 0000:00:15.5:   bridge window [mem 0xe6600000-0xe66fffff 64bit pref]
2025-02-05T22:46:08.167325+01:00 kali kernel: pci 0000:00:15.5: PME# supported from D0 D3hot D3cold
2025-02-05T22:46:08.168047+01:00 kali kernel: pci 0000:00:15.6: [15ad:07a0] type 01 class 0x060400 PCIe Root Port
2025-02-05T22:46:08.168052+01:00 kali kernel: pci 0000:00:15.6: PCI bridge to [bus 09]
2025-02-05T22:46:08.168053+01:00 kali kernel: pci 0000:00:15.6:   bridge window [mem 0xfbc00000-0xfbcfffff]
2025-02-05T22:46:08.168054+01:00 kali kernel: pci 0000:00:15.6:   bridge window [mem 0xe6200000-0xe62fffff 64bit pref]
2025-02-05T22:46:08.168054+01:00 kali kernel: pci 0000:00:15.6: PME# supported from D0 D3hot D3cold
2025-02-05T22:46:08.168055+01:00 kali kernel: pci 0000:00:15.7: [15ad:07a0] type 01 class 0x060400 PCIe Root Port
2025-02-05T22:46:08.168056+01:00 kali kernel: pci 0000:00:15.7: PCI bridge to [bus 0a]
2025-02-05T22:46:08.168056+01:00 kali kernel: pci 0000:00:15.7:   bridge window [mem 0xfb800000-0xfb8fffff]
2025-02-05T22:46:08.168057+01:00 kali kernel: pci 0000:00:15.7:   bridge window [mem 0xe5e00000-0xe5efffff 64bit pref]
2025-02-05T22:46:08.168058+01:00 kali kernel: pci 0000:00:15.7: PME# supported from D0 D3hot D3cold
2025-02-05T22:46:08.168058+01:00 kali kernel: pci 0000:00:16.0: [15ad:07a0] type 01 class 0x060400 PCIe Root Port
2025-02-05T22:46:08.168059+01:00 kali kernel: pci 0000:00:16.0: PCI bridge to [bus 0b]
2025-02-05T22:46:08.168060+01:00 kali kernel: pci 0000:00:16.0:   bridge window [io  0x5000-0x5fff]
2025-02-05T22:46:08.168060+01:00 kali kernel: pci 0000:00:16.0:   bridge window [mem 0xfd300000-0xfd3fffff]
2025-02-05T22:46:08.168061+01:00 kali kernel: pci 0000:00:16.0:   bridge window [mem 0xe7900000-0xe79fffff 64bit pref]
2025-02-05T22:46:08.168062+01:00 kali kernel: pci 0000:00:16.0: PME# supported from D0 D3hot D3cold
2025-02-05T22:46:08.168062+01:00 kali kernel: pci 0000:00:16.1: [15ad:07a0] type 01 class 0x060400 PCIe Root Port
2025-02-05T22:46:08.168063+01:00 kali kernel: pci 0000:00:16.1: PCI bridge to [bus 0c]
2025-02-05T22:46:08.168064+01:00 kali kernel: pci 0000:00:16.1:   bridge window [io  0x9000-0x9fff]
2025-02-05T22:46:08.168064+01:00 kali kernel: pci 0000:00:16.1:   bridge window [mem 0xfcf00000-0xfcffffff]
2025-02-05T22:46:08.168065+01:00 kali kernel: pci 0000:00:16.1:   bridge window [mem 0xe7500000-0xe75fffff 64bit pref]
2025-02-05T22:46:08.168066+01:00 kali kernel: pci 0000:00:16.1: PME# supported from D0 D3hot D3cold
2025-02-05T22:46:08.168066+01:00 kali kernel: pci 0000:00:16.2: [15ad:07a0] type 01 class 0x060400 PCIe Root Port
2025-02-05T22:46:08.168067+01:00 kali kernel: pci 0000:00:16.2: PCI bridge to [bus 0d]
2025-02-05T22:46:08.168068+01:00 kali kernel: pci 0000:00:16.2:   bridge window [io  0xd000-0xdfff]
2025-02-05T22:46:08.168068+01:00 kali kernel: pci 0000:00:16.2:   bridge window [mem 0xfcb00000-0xfcbfffff]
2025-02-05T22:46:08.168069+01:00 kali kernel: pci 0000:00:16.2:   bridge window [mem 0xe7100000-0xe71fffff 64bit pref]
2025-02-05T22:46:08.168069+01:00 kali kernel: pci 0000:00:16.2: PME# supported from D0 D3hot D3cold
2025-02-05T22:46:08.168070+01:00 kali kernel: pci 0000:00:16.3: [15ad:07a0] type 01 class 0x060400 PCIe Root Port
2025-02-05T22:46:08.168071+01:00 kali kernel: pci 0000:00:16.3: PCI bridge to [bus 0e]
2025-02-05T22:46:08.168071+01:00 kali kernel: pci 0000:00:16.3:   bridge window [mem 0xfc700000-0xfc7fffff]
2025-02-05T22:46:08.168072+01:00 kali kernel: pci 0000:00:16.3:   bridge window [mem 0xe6d00000-0xe6dfffff 64bit pref]
2025-02-05T22:46:08.168073+01:00 kali kernel: pci 0000:00:16.3: PME# supported from D0 D3hot D3cold
2025-02-05T22:46:08.168073+01:00 kali kernel: pci 0000:00:16.4: [15ad:07a0] type 01 class 0x060400 PCIe Root Port
2025-02-05T22:46:08.168074+01:00 kali kernel: pci 0000:00:16.4: PCI bridge to [bus 0f]
2025-02-05T22:46:08.168075+01:00 kali kernel: pci 0000:00:16.4:   bridge window [mem 0xfc300000-0xfc3fffff]
2025-02-05T22:46:08.168075+01:00 kali kernel: pci 0000:00:16.4:   bridge window [mem 0xe6900000-0xe69fffff 64bit pref]
2025-02-05T22:46:08.168076+01:00 kali kernel: pci 0000:00:16.4: PME# supported from D0 D3hot D3cold
2025-02-05T22:46:08.168077+01:00 kali kernel: pci 0000:00:16.5: [15ad:07a0] type 01 class 0x060400 PCIe Root Port
2025-02-05T22:46:08.168077+01:00 kali kernel: pci 0000:00:16.5: PCI bridge to [bus 10]
2025-02-05T22:46:08.168078+01:00 kali kernel: pci 0000:00:16.5:   bridge window [mem 0xfbf00000-0xfbffffff]
2025-02-05T22:46:08.168078+01:00 kali kernel: pci 0000:00:16.5:   bridge window [mem 0xe6500000-0xe65fffff 64bit pref]
2025-02-05T22:46:08.168079+01:00 kali kernel: pci 0000:00:16.5: PME# supported from D0 D3hot D3cold
2025-02-05T22:46:08.168080+01:00 kali kernel: pci 0000:00:16.6: [15ad:07a0] type 01 class 0x060400 PCIe Root Port
2025-02-05T22:46:08.168080+01:00 kali kernel: pci 0000:00:16.6: PCI bridge to [bus 11]
2025-02-05T22:46:08.168081+01:00 kali kernel: pci 0000:00:16.6:   bridge window [mem 0xfbb00000-0xfbbfffff]
2025-02-05T22:46:08.168082+01:00 kali kernel: pci 0000:00:16.6:   bridge window [mem 0xe6100000-0xe61fffff 64bit pref]
2025-02-05T22:46:08.168082+01:00 kali kernel: pci 0000:00:16.6: PME# supported from D0 D3hot D3cold
2025-02-05T22:46:08.168083+01:00 kali kernel: pci 0000:00:16.7: [15ad:07a0] type 01 class 0x060400 PCIe Root Port
2025-02-05T22:46:08.168084+01:00 kali kernel: pci 0000:00:16.7: PCI bridge to [bus 12]
2025-02-05T22:46:08.168084+01:00 kali kernel: pci 0000:00:16.7:   bridge window [mem 0xfb700000-0xfb7fffff]
2025-02-05T22:46:08.168085+01:00 kali kernel: pci 0000:00:16.7:   bridge window [mem 0xe5d00000-0xe5dfffff 64bit pref]
2025-02-05T22:46:08.168085+01:00 kali kernel: pci 0000:00:16.7: PME# supported from D0 D3hot D3cold
2025-02-05T22:46:08.168086+01:00 kali kernel: pci 0000:00:17.0: [15ad:07a0] type 01 class 0x060400 PCIe Root Port
2025-02-05T22:46:08.168087+01:00 kali kernel: pci 0000:00:17.0: PCI bridge to [bus 13]
2025-02-05T22:46:08.168087+01:00 kali kernel: pci 0000:00:17.0:   bridge window [io  0x6000-0x6fff]
2025-02-05T22:46:08.168088+01:00 kali kernel: pci 0000:00:17.0:   bridge window [mem 0xfd200000-0xfd2fffff]
2025-02-05T22:46:08.168089+01:00 kali kernel: pci 0000:00:17.0:   bridge window [mem 0xe7800000-0xe78fffff 64bit pref]
2025-02-05T22:46:08.168089+01:00 kali kernel: pci 0000:00:17.0: PME# supported from D0 D3hot D3cold
2025-02-05T22:46:08.168090+01:00 kali kernel: pci 0000:00:17.1: [15ad:07a0] type 01 class 0x060400 PCIe Root Port
2025-02-05T22:46:08.168091+01:00 kali kernel: pci 0000:00:17.1: PCI bridge to [bus 14]
2025-02-05T22:46:08.168091+01:00 kali kernel: pci 0000:00:17.1:   bridge window [io  0xa000-0xafff]
2025-02-05T22:46:08.168092+01:00 kali kernel: pci 0000:00:17.1:   bridge window [mem 0xfce00000-0xfcefffff]
2025-02-05T22:46:08.168093+01:00 kali kernel: pci 0000:00:17.1:   bridge window [mem 0xe7400000-0xe74fffff 64bit pref]
2025-02-05T22:46:08.168093+01:00 kali kernel: pci 0000:00:17.1: PME# supported from D0 D3hot D3cold
2025-02-05T22:46:08.168094+01:00 kali kernel: pci 0000:00:17.2: [15ad:07a0] type 01 class 0x060400 PCIe Root Port
2025-02-05T22:46:08.168094+01:00 kali kernel: pci 0000:00:17.2: PCI bridge to [bus 15]
2025-02-05T22:46:08.168095+01:00 kali kernel: pci 0000:00:17.2:   bridge window [io  0xe000-0xefff]
2025-02-05T22:46:08.168096+01:00 kali kernel: pci 0000:00:17.2:   bridge window [mem 0xfca00000-0xfcafffff]
2025-02-05T22:46:08.168096+01:00 kali kernel: pci 0000:00:17.2:   bridge window [mem 0xe7000000-0xe70fffff 64bit pref]
2025-02-05T22:46:08.168097+01:00 kali kernel: pci 0000:00:17.2: PME# supported from D0 D3hot D3cold
2025-02-05T22:46:08.168098+01:00 kali kernel: pci 0000:00:17.3: [15ad:07a0] type 01 class 0x060400 PCIe Root Port
2025-02-05T22:46:08.168098+01:00 kali kernel: pci 0000:00:17.3: PCI bridge to [bus 16]
2025-02-05T22:46:08.168099+01:00 kali kernel: pci 0000:00:17.3:   bridge window [mem 0xfc600000-0xfc6fffff]
2025-02-05T22:46:08.168100+01:00 kali kernel: pci 0000:00:17.3:   bridge window [mem 0xe6c00000-0xe6cfffff 64bit pref]
2025-02-05T22:46:08.168100+01:00 kali kernel: pci 0000:00:17.3: PME# supported from D0 D3hot D3cold
2025-02-05T22:46:08.168101+01:00 kali kernel: pci 0000:00:17.4: [15ad:07a0] type 01 class 0x060400 PCIe Root Port
2025-02-05T22:46:08.168101+01:00 kali kernel: pci 0000:00:17.4: PCI bridge to [bus 17]
2025-02-05T22:46:08.168102+01:00 kali kernel: pci 0000:00:17.4:   bridge window [mem 0xfc200000-0xfc2fffff]
2025-02-05T22:46:08.168103+01:00 kali kernel: pci 0000:00:17.4:   bridge window [mem 0xe6800000-0xe68fffff 64bit pref]
2025-02-05T22:46:08.168103+01:00 kali kernel: pci 0000:00:17.4: PME# supported from D0 D3hot D3cold
2025-02-05T22:46:08.168104+01:00 kali kernel: pci 0000:00:17.5: [15ad:07a0] type 01 class 0x060400 PCIe Root Port
2025-02-05T22:46:08.168105+01:00 kali kernel: pci 0000:00:17.5: PCI bridge to [bus 18]
2025-02-05T22:46:08.168105+01:00 kali kernel: pci 0000:00:17.5:   bridge window [mem 0xfbe00000-0xfbefffff]
2025-02-05T22:46:08.168106+01:00 kali kernel: pci 0000:00:17.5:   bridge window [mem 0xe6400000-0xe64fffff 64bit pref]
2025-02-05T22:46:08.168107+01:00 kali kernel: pci 0000:00:17.5: PME# supported from D0 D3hot D3cold
2025-02-05T22:46:08.168107+01:00 kali kernel: pci 0000:00:17.6: [15ad:07a0] type 01 class 0x060400 PCIe Root Port
2025-02-05T22:46:08.168108+01:00 kali kernel: pci 0000:00:17.6: PCI bridge to [bus 19]
2025-02-05T22:46:08.168109+01:00 kali kernel: pci 0000:00:17.6:   bridge window [mem 0xfba00000-0xfbafffff]
2025-02-05T22:46:08.168109+01:00 kali kernel: pci 0000:00:17.6:   bridge window [mem 0xe6000000-0xe60fffff 64bit pref]
2025-02-05T22:46:08.168110+01:00 kali kernel: pci 0000:00:17.6: PME# supported from D0 D3hot D3cold
2025-02-05T22:46:08.168110+01:00 kali kernel: pci 0000:00:17.7: [15ad:07a0] type 01 class 0x060400 PCIe Root Port
2025-02-05T22:46:08.168111+01:00 kali kernel: pci 0000:00:17.7: PCI bridge to [bus 1a]
2025-02-05T22:46:08.168112+01:00 kali kernel: pci 0000:00:17.7:   bridge window [mem 0xfb600000-0xfb6fffff]
2025-02-05T22:46:08.169511+01:00 kali kernel: pci 0000:00:17.7:   bridge window [mem 0xe5c00000-0xe5cfffff 64bit pref]
2025-02-05T22:46:08.169720+01:00 kali kernel: pci 0000:00:17.7: PME# supported from D0 D3hot D3cold
2025-02-05T22:46:08.169729+01:00 kali kernel: pci 0000:00:18.0: [15ad:07a0] type 01 class 0x060400 PCIe Root Port
2025-02-05T22:46:08.169730+01:00 kali kernel: pci 0000:00:18.0: PCI bridge to [bus 1b]
2025-02-05T22:46:08.169731+01:00 kali kernel: pci 0000:00:18.0:   bridge window [io  0x7000-0x7fff]
2025-02-05T22:46:08.169732+01:00 kali kernel: pci 0000:00:18.0:   bridge window [mem 0xfd100000-0xfd1fffff]
2025-02-05T22:46:08.169733+01:00 kali kernel: pci 0000:00:18.0:   bridge window [mem 0xe7700000-0xe77fffff 64bit pref]
2025-02-05T22:46:08.169733+01:00 kali kernel: pci 0000:00:18.0: PME# supported from D0 D3hot D3cold
2025-02-05T22:46:08.169734+01:00 kali kernel: pci 0000:00:18.1: [15ad:07a0] type 01 class 0x060400 PCIe Root Port
2025-02-05T22:46:08.169735+01:00 kali kernel: pci 0000:00:18.1: PCI bridge to [bus 1c]
2025-02-05T22:46:08.169735+01:00 kali kernel: pci 0000:00:18.1:   bridge window [io  0xb000-0xbfff]
2025-02-05T22:46:08.169736+01:00 kali kernel: pci 0000:00:18.1:   bridge window [mem 0xfcd00000-0xfcdfffff]
2025-02-05T22:46:08.169737+01:00 kali kernel: pci 0000:00:18.1:   bridge window [mem 0xe7300000-0xe73fffff 64bit pref]
2025-02-05T22:46:08.169738+01:00 kali kernel: pci 0000:00:18.1: PME# supported from D0 D3hot D3cold
2025-02-05T22:46:08.169739+01:00 kali kernel: pci 0000:00:18.2: [15ad:07a0] type 01 class 0x060400 PCIe Root Port
2025-02-05T22:46:08.169740+01:00 kali kernel: pci 0000:00:18.2: PCI bridge to [bus 1d]
2025-02-05T22:46:08.169740+01:00 kali kernel: pci 0000:00:18.2:   bridge window [mem 0xfc900000-0xfc9fffff]
2025-02-05T22:46:08.169741+01:00 kali kernel: pci 0000:00:18.2:   bridge window [mem 0xe6f00000-0xe6ffffff 64bit pref]
2025-02-05T22:46:08.169742+01:00 kali kernel: pci 0000:00:18.2: PME# supported from D0 D3hot D3cold
2025-02-05T22:46:08.169742+01:00 kali kernel: pci 0000:00:18.3: [15ad:07a0] type 01 class 0x060400 PCIe Root Port
2025-02-05T22:46:08.169767+01:00 kali kernel: pci 0000:00:18.3: PCI bridge to [bus 1e]
2025-02-05T22:46:08.169770+01:00 kali kernel: pci 0000:00:18.3:   bridge window [mem 0xfc500000-0xfc5fffff]
2025-02-05T22:46:08.169770+01:00 kali kernel: pci 0000:00:18.3:   bridge window [mem 0xe6b00000-0xe6bfffff 64bit pref]
2025-02-05T22:46:08.169771+01:00 kali kernel: pci 0000:00:18.3: PME# supported from D0 D3hot D3cold
2025-02-05T22:46:08.169772+01:00 kali kernel: pci 0000:00:18.4: [15ad:07a0] type 01 class 0x060400 PCIe Root Port
2025-02-05T22:46:08.169772+01:00 kali kernel: pci 0000:00:18.4: PCI bridge to [bus 1f]
2025-02-05T22:46:08.169773+01:00 kali kernel: pci 0000:00:18.4:   bridge window [mem 0xfc100000-0xfc1fffff]
